Archive member included to satisfy reference by file (symbol)

c:/ac6/systemworkbench/plugins/fr.ac6.mcu.externaltools.arm-none.win32_1.15.0.201708311556/tools/compiler/bin/../lib/gcc/arm-none-eabi/6.3.1/thumb/v7-m\libgcc.a(_arm_addsubdf3.o)
                              src/Util/Bms.o (__aeabi_ui2d)
c:/ac6/systemworkbench/plugins/fr.ac6.mcu.externaltools.arm-none.win32_1.15.0.201708311556/tools/compiler/bin/../lib/gcc/arm-none-eabi/6.3.1/thumb/v7-m\libgcc.a(_arm_muldivdf3.o)
                              src/Util/Bms.o (__aeabi_dmul)
c:/ac6/systemworkbench/plugins/fr.ac6.mcu.externaltools.arm-none.win32_1.15.0.201708311556/tools/compiler/bin/../lib/gcc/arm-none-eabi/6.3.1/thumb/v7-m\libgcc.a(_arm_truncdfsf2.o)
                              src/Util/Bms.o (__aeabi_d2f)
c:/ac6/systemworkbench/plugins/fr.ac6.mcu.externaltools.arm-none.win32_1.15.0.201708311556/tools/compiler/bin/../lib/gcc/arm-none-eabi/6.3.1/thumb/v7-m\libgcc.a(_arm_addsubsf3.o)
                              src/Util/Bms.o (__aeabi_fsub)
c:/ac6/systemworkbench/plugins/fr.ac6.mcu.externaltools.arm-none.win32_1.15.0.201708311556/tools/compiler/bin/../lib/gcc/arm-none-eabi/6.3.1/thumb/v7-m\libgcc.a(_arm_muldivsf3.o)
                              src/Util/Bms.o (__aeabi_fmul)
c:/ac6/systemworkbench/plugins/fr.ac6.mcu.externaltools.arm-none.win32_1.15.0.201708311556/tools/compiler/bin/../lib/gcc/arm-none-eabi/6.3.1/thumb/v7-m\libgcc.a(_arm_cmpsf2.o)
                              src/Util/Bms.o (__aeabi_fcmple)
c:/ac6/systemworkbench/plugins/fr.ac6.mcu.externaltools.arm-none.win32_1.15.0.201708311556/tools/compiler/bin/../lib/gcc/arm-none-eabi/6.3.1/../../../../arm-none-eabi/lib/thumb/v7-m\libc.a(lib_a-errno.o)
                              src/syscalls.o (__errno)
c:/ac6/systemworkbench/plugins/fr.ac6.mcu.externaltools.arm-none.win32_1.15.0.201708311556/tools/compiler/bin/../lib/gcc/arm-none-eabi/6.3.1/../../../../arm-none-eabi/lib/thumb/v7-m\libc.a(lib_a-exit.o)
                              c:/ac6/systemworkbench/plugins/fr.ac6.mcu.externaltools.arm-none.win32_1.15.0.201708311556/tools/compiler/bin/../lib/gcc/arm-none-eabi/6.3.1/../../../../arm-none-eabi/lib/thumb/v7-m/crt0.o (exit)
c:/ac6/systemworkbench/plugins/fr.ac6.mcu.externaltools.arm-none.win32_1.15.0.201708311556/tools/compiler/bin/../lib/gcc/arm-none-eabi/6.3.1/../../../../arm-none-eabi/lib/thumb/v7-m\libc.a(lib_a-impure.o)
                              c:/ac6/systemworkbench/plugins/fr.ac6.mcu.externaltools.arm-none.win32_1.15.0.201708311556/tools/compiler/bin/../lib/gcc/arm-none-eabi/6.3.1/../../../../arm-none-eabi/lib/thumb/v7-m\libc.a(lib_a-exit.o) (_global_impure_ptr)
c:/ac6/systemworkbench/plugins/fr.ac6.mcu.externaltools.arm-none.win32_1.15.0.201708311556/tools/compiler/bin/../lib/gcc/arm-none-eabi/6.3.1/../../../../arm-none-eabi/lib/thumb/v7-m\libc.a(lib_a-init.o)
                              c:/ac6/systemworkbench/plugins/fr.ac6.mcu.externaltools.arm-none.win32_1.15.0.201708311556/tools/compiler/bin/../lib/gcc/arm-none-eabi/6.3.1/../../../../arm-none-eabi/lib/thumb/v7-m/crt0.o (__libc_init_array)
c:/ac6/systemworkbench/plugins/fr.ac6.mcu.externaltools.arm-none.win32_1.15.0.201708311556/tools/compiler/bin/../lib/gcc/arm-none-eabi/6.3.1/../../../../arm-none-eabi/lib/thumb/v7-m\libc.a(lib_a-memset.o)
                              c:/ac6/systemworkbench/plugins/fr.ac6.mcu.externaltools.arm-none.win32_1.15.0.201708311556/tools/compiler/bin/../lib/gcc/arm-none-eabi/6.3.1/../../../../arm-none-eabi/lib/thumb/v7-m/crt0.o (memset)
c:/ac6/systemworkbench/plugins/fr.ac6.mcu.externaltools.arm-none.win32_1.15.0.201708311556/tools/compiler/bin/../lib/gcc/arm-none-eabi/6.3.1/../../../../arm-none-eabi/lib/thumb/v7-m\libc.a(lib_a-strlen-stub.o)
                              src/Util/Trace.o (strlen)
c:/ac6/systemworkbench/plugins/fr.ac6.mcu.externaltools.arm-none.win32_1.15.0.201708311556/tools/compiler/bin/../lib/gcc/arm-none-eabi/6.3.1/../../../../arm-none-eabi/lib/thumb/v7-m\libc.a(lib_a-vsnprintf.o)
                              src/Util/Trace.o (vsnprintf)
c:/ac6/systemworkbench/plugins/fr.ac6.mcu.externaltools.arm-none.win32_1.15.0.201708311556/tools/compiler/bin/../lib/gcc/arm-none-eabi/6.3.1/../../../../arm-none-eabi/lib/thumb/v7-m\libc.a(lib_a-__call_atexit.o)
                              c:/ac6/systemworkbench/plugins/fr.ac6.mcu.externaltools.arm-none.win32_1.15.0.201708311556/tools/compiler/bin/../lib/gcc/arm-none-eabi/6.3.1/../../../../arm-none-eabi/lib/thumb/v7-m\libc.a(lib_a-exit.o) (__call_exitprocs)
c:/ac6/systemworkbench/plugins/fr.ac6.mcu.externaltools.arm-none.win32_1.15.0.201708311556/tools/compiler/bin/../lib/gcc/arm-none-eabi/6.3.1/../../../../arm-none-eabi/lib/thumb/v7-m\libc.a(lib_a-atexit.o)
[...]
Memory Configuration

Name             Origin             Length             Attributes
FLASH            0x08000000         0x00080000         xr
RAM              0x20000000         0x00014000         xrw
MEMORY_B1        0x60000000         0x00000000         xr
*default*        0x00000000         0xffffffff

Linker script and memory map

LOAD c:/ac6/systemworkbench/plugins/fr.ac6.mcu.externaltools.arm-none.win32_1.15.0.201708311556/tools/compiler/bin/../lib/gcc/arm-none-eabi/6.3.1/thumb/v7-m/crti.o
LOAD c:/ac6/systemworkbench/plugins/fr.ac6.mcu.externaltools.arm-none.win32_1.15.0.201708311556/tools/compiler/bin/../lib/gcc/arm-none-eabi/6.3.1/thumb/v7-m/crtbegin.o
LOAD c:/ac6/systemworkbench/plugins/fr.ac6.mcu.externaltools.arm-none.win32_1.15.0.201708311556/tools/compiler/bin/../lib/gcc/arm-none-eabi/6.3.1/../../../../arm-none-eabi/lib/thumb/v7-m/crt0.o
LOAD HAL_Driver/Src/stm32l1xx_hal.o
LOAD HAL_Driver/Src/stm32l1xx_hal_adc.o
LOAD HAL_Driver/Src/stm32l1xx_hal_adc_ex.o
LOAD HAL_Driver/Src/stm32l1xx_hal_comp.o
LOAD HAL_Driver/Src/stm32l1xx_hal_cortex.o
LOAD HAL_Driver/Src/stm32l1xx_hal_crc.o
LOAD HAL_Driver/Src/stm32l1xx_hal_cryp.o
LOAD HAL_Driver/Src/stm32l1xx_hal_cryp_ex.o
LOAD HAL_Driver/Src/stm32l1xx_hal_dac.o
LOAD HAL_Driver/Src/stm32l1xx_hal_dac_ex.o
LOAD HAL_Driver/Src/stm32l1xx_hal_dma.o
LOAD HAL_Driver/Src/stm32l1xx_hal_flash.o
LOAD HAL_Driver/Src/stm32l1xx_hal_flash_ex.o
LOAD HAL_Driver/Src/stm32l1xx_hal_flash_ramfunc.o
LOAD HAL_Driver/Src/stm32l1xx_hal_gpio.o
LOAD HAL_Driver/Src/stm32l1xx_hal_i2c.o
LOAD HAL_Driver/Src/stm32l1xx_hal_i2s.o
LOAD HAL_Driver/Src/stm32l1xx_hal_irda.o
LOAD HAL_Driver/Src/stm32l1xx_hal_iwdg.o
LOAD HAL_Driver/Src/stm32l1xx_hal_lcd.o
LOAD HAL_Driver/Src/stm32l1xx_hal_nor.o
LOAD HAL_Driver/Src/stm32l1xx_hal_opamp.o
LOAD HAL_Driver/Src/stm32l1xx_hal_opamp_ex.o
LOAD HAL_Driver/Src/stm32l1xx_hal_pcd.o
LOAD HAL_Driver/Src/stm32l1xx_hal_pcd_ex.o
LOAD HAL_Driver/Src/stm32l1xx_hal_pwr.o
LOAD HAL_Driver/Src/stm32l1xx_hal_pwr_ex.o
LOAD HAL_Driver/Src/stm32l1xx_hal_rcc.o
LOAD HAL_Driver/Src/stm32l1xx_hal_rcc_ex.o
LOAD HAL_Driver/Src/stm32l1xx_hal_rtc.o
LOAD HAL_Driver/Src/stm32l1xx_hal_rtc_ex.o
LOAD HAL_Driver/Src/stm32l1xx_hal_sd.o
LOAD HAL_Driver/Src/stm32l1xx_hal_smartcard.o
LOAD HAL_Driver/Src/stm32l1xx_hal_spi.o
LOAD HAL_Driver/Src/stm32l1xx_hal_spi_ex.o
LOAD HAL_Driver/Src/stm32l1xx_hal_sram.o
LOAD HAL_Driver/Src/stm32l1xx_hal_tim.o
LOAD HAL_Driver/Src/stm32l1xx_hal_tim_ex.o
LOAD HAL_Driver/Src/stm32l1xx_hal_uart.o
LOAD HAL_Driver/Src/stm32l1xx_hal_usart.o
LOAD HAL_Driver/Src/stm32l1xx_hal_wwdg.o
LOAD HAL_Driver/Src/stm32l1xx_ll_adc.o
LOAD HAL_Driver/Src/stm32l1xx_ll_comp.o
LOAD HAL_Driver/Src/stm32l1xx_ll_crc.o
LOAD HAL_Driver/Src/stm32l1xx_ll_dac.o
LOAD HAL_Driver/Src/stm32l1xx_ll_dma.o
LOAD HAL_Driver/Src/stm32l1xx_ll_exti.o
LOAD HAL_Driver/Src/stm32l1xx_ll_fsmc.o
LOAD HAL_Driver/Src/stm32l1xx_ll_gpio.o
LOAD HAL_Driver/Src/stm32l1xx_ll_i2c.o
LOAD HAL_Driver/Src/stm32l1xx_ll_opamp.o
LOAD HAL_Driver/Src/stm32l1xx_ll_pwr.o
LOAD HAL_Driver/Src/stm32l1xx_ll_rcc.o
LOAD HAL_Driver/Src/stm32l1xx_ll_rtc.o
LOAD HAL_Driver/Src/stm32l1xx_ll_sdmmc.o
LOAD HAL_Driver/Src/stm32l1xx_ll_spi.o
LOAD HAL_Driver/Src/stm32l1xx_ll_tim.o
LOAD HAL_Driver/Src/stm32l1xx_ll_usart.o
LOAD HAL_Driver/Src/stm32l1xx_ll_utils.o
LOAD Utilities/STM32L1xx_Nucleo/stm32l1xx_nucleo.o
LOAD src/Application.o
LOAD src/main.o
LOAD src/stm32l1xx_it.o
LOAD src/syscalls.o
LOAD src/system_stm32l1xx.o
LOAD src/Container/Queue.o
LOAD src/Container/Stack.o
LOAD src/Control/Control.o
LOAD src/Control/ManualMode.o
LOAD src/Control/Packet.o
LOAD src/Periph/Adc.o
LOAD src/Periph/AdcIT.o
LOAD src/Periph/Buzzer.o
LOAD src/Periph/DigitalOutputPin.o
LOAD src/Periph/Engine.o
LOAD src/Periph/Led.o
LOAD src/Periph/Pwm.o
LOAD src/Periph/Servo.o
LOAD src/Periph/SysTickCounter.o
LOAD src/Periph/Usart.o
LOAD src/Util/Bms.o
LOAD src/Util/Communication.o
LOAD src/Util/Logger.o
LOAD src/Util/Packet.o
LOAD src/Util/Timer.o
LOAD src/Util/Trace.o
LOAD startup/startup_stm32l152xe.o
LOAD c:/ac6/systemworkbench/plugins/fr.ac6.mcu.externaltools.arm-none.win32_1.15.0.201708311556/tools/compiler/bin/../lib/gcc/arm-none-eabi/6.3.1/../../../../arm-none-eabi/lib/thumb/v7-m\libstdc++.a
LOAD c:/ac6/systemworkbench/plugins/fr.ac6.mcu.externaltools.arm-none.win32_1.15.0.201708311556/tools/compiler/bin/../lib/gcc/arm-none-eabi/6.3.1/../../../../arm-none-eabi/lib/thumb/v7-m\libm.a
START GROUP
LOAD c:/ac6/systemworkbench/plugins/fr.ac6.mcu.externaltools.arm-none.win32_1.15.0.201708311556/tools/compiler/bin/../lib/gcc/arm-none-eabi/6.3.1/thumb/v7-m\libgcc.a
LOAD c:/ac6/systemworkbench/plugins/fr.ac6.mcu.externaltools.arm-none.win32_1.15.0.201708311556/tools/compiler/bin/../lib/gcc/arm-none-eabi/6.3.1/../../../../arm-none-eabi/lib/thumb/v7-m\libc.a
END GROUP
LOAD c:/ac6/systemworkbench/plugins/fr.ac6.mcu.externaltools.arm-none.win32_1.15.0.201708311556/tools/compiler/bin/../lib/gcc/arm-none-eabi/6.3.1/thumb/v7-m/crtend.o
LOAD c:/ac6/systemworkbench/plugins/fr.ac6.mcu.externaltools.arm-none.win32_1.15.0.201708311556/tools/compiler/bin/../lib/gcc/arm-none-eabi/6.3.1/thumb/v7-m/crtn.o
                0x20014000                _estack = 0x20014000
                0x00000200                _Min_Heap_Size = 0x200
                0x00000400                _Min_Stack_Size = 0x400

.isr_vector     0x08000000      0x13c
                0x08000000                . = ALIGN (0x4)
 *(.isr_vector)
 .isr_vector    0x08000000      0x13c startup/startup_stm32l152xe.o
                0x08000000                g_pfnVectors
                0x0800013c                . = ALIGN (0x4)

.text           0x08000140     0x7c2c
                0x08000140                . = ALIGN (0x4)
 *(.text)
 .text          0x08000140       0x6c c:/ac6/systemworkbench/plugins/fr.ac6.mcu.externaltools.arm-none.win32_1.15.0.201708311556/tools/compiler/bin/../lib/gcc/arm-none-eabi/6.3.1/thumb/v7-m/crtbegin.o
 .text          0x080001ac      0x370 c:/ac6/systemworkbench/plugins/fr.ac6.mcu.externaltools.arm-none.win32_1.15.0.201708311556/tools/compiler/bin/../lib/gcc/arm-none-eabi/6.3.1/thumb/v7-m\libgcc.a(_arm_addsubdf3.o)
                0x080001ac                __aeabi_drsub
                0x080001b4                __aeabi_dsub
                0x080001b4                __subdf3
                0x080001b8                __aeabi_dadd
                0x080001b8                __adddf3
                0x08000430                __floatunsidf
                0x08000430                __aeabi_ui2d
                0x08000450                __floatsidf
                0x08000450                __aeabi_i2d
                0x08000474                __aeabi_f2d
                0x08000474                __extendsfdf2
                0x080004b0                __floatundidf
                0x080004b0                __aeabi_ul2d
                0x080004c0                __floatdidf
                0x080004c0                __aeabi_l2d
 .text          0x0800051c      0x424 c:/ac6/systemworkbench/plugins/fr.ac6.mcu.externaltools.arm-none.win32_1.15.0.201708311556/tools/compiler/bin/../lib/gcc/arm-none-eabi/6.3.1/thumb/v7-m\libgcc.a(_arm_muldivdf3.o)
                0x0800051c                __aeabi_dmul
                0x0800051c                __muldf3
                0x08000770                __divdf3
                0x08000770                __aeabi_ddiv
 .text          0x08000940       0xa0 c:/ac6/systemworkbench/plugins/fr.ac6.mcu.externaltools.arm-none.win32_1.15.0.201708311556/tools/compiler/bin/../lib/gcc/arm-none-eabi/6.3.1/thumb/v7-m\libgcc.a(_arm_truncdfsf2.o)
                0x08000940                __truncdfsf2
                0x08000940                __aeabi_d2f
 .text          0x080009e0      0x21c c:/ac6/systemworkbench/plugins/fr.ac6.mcu.externaltools.arm-none.win32_1.15.0.201708311556/tools/compiler/bin/../lib/gcc/arm-none-eabi/6.3.1/thumb/v7-m\libgcc.a(_arm_addsubsf3.o)
                0x080009e0                __aeabi_frsub
                0x080009e8                __subsf3
                0x080009e8                __aeabi_fsub
                0x080009ec                __aeabi_fadd
                0x080009ec                __addsf3
                0x08000b4c                __aeabi_ui2f
                0x08000b4c                __floatunsisf
                0x08000b54                __aeabi_i2f
                0x08000b54                __floatsisf
                0x08000b70                __aeabi_ul2f
                0x08000b70                __floatundisf
                0x08000b80                __aeabi_l2f
                0x08000b80                __floatdisf
 .text          0x08000bfc      0x2a0 c:/ac6/systemworkbench/plugins/fr.ac6.mcu.externaltools.arm-none.win32_1.15.0.201708311556/tools/compiler/bin/../lib/gcc/arm-none-eabi/6.3.1/thumb/v7-m\libgcc.a(_arm_muldivsf3.o)
                0x08000bfc                __mulsf3
                0x08000bfc                __aeabi_fmul
                0x08000d64                __aeabi_fdiv
                0x08000d64                __divsf3
 .text          0x08000e9c       0xec c:/ac6/systemworkbench/plugins/fr.ac6.mcu.externaltools.arm-none.win32_1.15.0.201708311556/tools/compiler/bin/../lib/gcc/arm-none-eabi/6.3.1/thumb/v7-m\libgcc.a(_arm_cmpsf2.o)
                0x08000e9c                __gesf2
                0x08000e9c                __gtsf2
                0x08000ea4                __lesf2
                0x08000ea4                __ltsf2
                0x08000eac                __nesf2
                0x08000eac                __eqsf2
                0x08000eac                __cmpsf2
                0x08000f0c                __aeabi_cfrcmple
                0x08000f14                __aeabi_cfcmpeq
                0x08000f14                __aeabi_cfcmple
                0x08000f24                __aeabi_fcmpeq
                0x08000f38                __aeabi_fcmplt
                0x08000f4c                __aeabi_fcmple
                0x08000f60                __aeabi_fcmpge
                0x08000f74                __aeabi_fcmpgt
 .text          0x08000f88       0xec c:/ac6/systemworkbench/plugins/fr.ac6.mcu.externaltools.arm-none.win32_1.15.0.201708311556/tools/compiler/bin/../lib/gcc/arm-none-eabi/6.3.1/../../../../arm-none-eabi/lib/thumb/v7-m\libc.a(lib_a-memcpy.o)
                0x08000f88                memcpy
 .text          0x08001074      0x110 c:/ac6/systemworkbench/plugins/fr.ac6.mcu.externaltools.arm-none.win32_1.15.0.201708311556/tools/compiler/bin/../lib/gcc/arm-none-eabi/6.3.1/thumb/v7-m\libgcc.a(_arm_cmpdf2.o)
                0x08001074                __gtdf2
                0x08001074                __gedf2
                0x0800107c                __ltdf2
                0x0800107c                __ledf2
                0x08001084                __nedf2
                0x08001084                __eqdf2
                0x08001084                __cmpdf2
                0x08001100                __aeabi_cdrcmple
                0x08001110                __aeabi_cdcmpeq
                0x08001110                __aeabi_cdcmple
                0x08001120                __aeabi_dcmpeq
                0x08001134                __aeabi_dcmplt
                0x08001148                __aeabi_dcmple
                0x0800115c                __aeabi_dcmpge
                0x08001170                __aeabi_dcmpgt
 .text          0x08001184       0x2c c:/ac6/systemworkbench/plugins/fr.ac6.mcu.externaltools.arm-none.win32_1.15.0.201708311556/tools/compiler/bin/../lib/gcc/arm-none-eabi/6.3.1/thumb/v7-m\libgcc.a(_arm_unorddf2.o)
                0x08001184                __unorddf2
                0x08001184                __aeabi_dcmpun
 .text          0x080011b0       0x50 c:/ac6/systemworkbench/plugins/fr.ac6.mcu.externaltools.arm-none.win32_1.15.0.201708311556/tools/compiler/bin/../lib/gcc/arm-none-eabi/6.3.1/thumb/v7-m\libgcc.a(_arm_fixdfsi.o)
                0x080011b0                __aeabi_d2iz
                0x080011b0                __fixdfsi
 .text          0x08001200       0x30 c:/ac6/systemworkbench/plugins/fr.ac6.mcu.externaltools.arm-none.win32_1.15.0.201708311556/tools/compiler/bin/../lib/gcc/arm-none-eabi/6.3.1/thumb/v7-m\libgcc.a(_aeabi_uldivmod.o)
                0x08001200                __aeabi_uldivmod
 .text          0x08001230      0x2dc c:/ac6/systemworkbench/plugins/fr.ac6.mcu.externaltools.arm-none.win32_1.15.0.201708311556/tools/compiler/bin/../lib/gcc/arm-none-eabi/6.3.1/thumb/v7-m\libgcc.a(_udivmoddi4.o)
                0x08001230                __udivmoddi4
 .text          0x0800150c        0x4 c:/ac6/systemworkbench/plugins/fr.ac6.mcu.externaltools.arm-none.win32_1.15.0.201708311556/tools/compiler/bin/../lib/gcc/arm-none-eabi/6.3.1/thumb/v7-m\libgcc.a(_dvmd_tls.o)
                0x0800150c                __aeabi_idiv0
                0x0800150c                __aeabi_ldiv0
 *(.text*)
 .text.HAL_MspInit
                0x08001510        0x4 HAL_Driver/Src/stm32l1xx_hal.o
                0x08001510                HAL_MspInit
 .text.HAL_Init
                0x08001514       0x28 HAL_Driver/Src/stm32l1xx_hal.o
                0x08001514                HAL_Init
 .text.HAL_GetTick
                0x0800153c        0xc HAL_Driver/Src/stm32l1xx_hal.o
                0x0800153c                HAL_GetTick
 .text.HAL_ADC_MspInit
                0x08001548        0x4 HAL_Driver/Src/stm32l1xx_hal_adc.o
                0x08001548                HAL_ADC_MspInit
 .text.HAL_ADC_Init
                0x0800154c      0x1a0 HAL_Driver/Src/stm32l1xx_hal_adc.o
                0x0800154c                HAL_ADC_Init
 .text.HAL_ADC_MspDeInit
                0x080016ec        0x4 HAL_Driver/Src/stm32l1xx_hal_adc.o
                0x080016ec                HAL_ADC_MspDeInit
 .text.HAL_ADC_DeInit
                0x080016f0      0x114 HAL_Driver/Src/stm32l1xx_hal_adc.o
                0x080016f0                HAL_ADC_DeInit
 .text.HAL_ADC_Start
                0x08001804       0xe4 HAL_Driver/Src/stm32l1xx_hal_adc.o
                0x08001804                HAL_ADC_Start
 .text.HAL_ADC_Stop
                0x080018e8       0x6c HAL_Driver/Src/stm32l1xx_hal_adc.o
                0x080018e8                HAL_ADC_Stop
 .text.HAL_ADC_PollForConversion
                0x08001954       0xa8 HAL_Driver/Src/stm32l1xx_hal_adc.o
                0x08001954                HAL_ADC_PollForConversion
 .text.HAL_ADC_GetValue
                0x080019fc        0x8 HAL_Driver/Src/stm32l1xx_hal_adc.o
                0x080019fc                HAL_ADC_GetValue
 .text.HAL_ADC_ConfigChannel
                0x08001a04      0x178 HAL_Driver/Src/stm32l1xx_hal_adc.o
                0x08001a04                HAL_ADC_ConfigChannel
 .text.HAL_NVIC_SetPriorityGrouping
                0x08001b7c       0x24 HAL_Driver/Src/stm32l1xx_hal_cortex.o
                0x08001b7c                HAL_NVIC_SetPriorityGrouping
 .text.HAL_NVIC_SetPriority
                0x08001ba0       0x6c HAL_Driver/Src/stm32l1xx_hal_cortex.o
                0x08001ba0                HAL_NVIC_SetPriority
 .text.HAL_NVIC_EnableIRQ
                0x08001c0c       0x18 HAL_Driver/Src/stm32l1xx_hal_cortex.o
                0x08001c0c                HAL_NVIC_EnableIRQ
 .text.HAL_NVIC_DisableIRQ
                0x08001c24       0x1c HAL_Driver/Src/stm32l1xx_hal_cortex.o
                0x08001c24                HAL_NVIC_DisableIRQ
 .text.HAL_GPIO_Init
                0x08001c40      0x1f4 HAL_Driver/Src/stm32l1xx_hal_gpio.o
                0x08001c40                HAL_GPIO_Init
 .text.HAL_GPIO_ReadPin
                0x08001e34        0xc HAL_Driver/Src/stm32l1xx_hal_gpio.o
                0x08001e34                HAL_GPIO_ReadPin
 .text.HAL_GPIO_WritePin
                0x08001e40        0x8 HAL_Driver/Src/stm32l1xx_hal_gpio.o
                0x08001e40                HAL_GPIO_WritePin
 .text.HAL_GPIO_TogglePin
                0x08001e48        0x8 HAL_Driver/Src/stm32l1xx_hal_gpio.o
                0x08001e48                HAL_GPIO_TogglePin
 .text.HAL_RCC_GetHCLKFreq
                0x08001e50        0xc HAL_Driver/Src/stm32l1xx_hal_rcc.o
                0x08001e50                HAL_RCC_GetHCLKFreq
 .text.HAL_RCC_GetPCLK1Freq
                0x08001e5c       0x30 HAL_Driver/Src/stm32l1xx_hal_rcc.o
                0x08001e5c                HAL_RCC_GetPCLK1Freq
 .text.HAL_RCC_GetPCLK2Freq
                0x08001e8c       0x30 HAL_Driver/Src/stm32l1xx_hal_rcc.o
                0x08001e8c                HAL_RCC_GetPCLK2Freq
 .text.HAL_TIM_PWM_MspInit
                0x08001ebc        0x4 HAL_Driver/Src/stm32l1xx_hal_tim.o
                0x08001ebc                HAL_TIM_PWM_MspInit
 .text.HAL_TIM_PWM_Init
                0x08001ec0       0x8c HAL_Driver/Src/stm32l1xx_hal_tim.o
                0x08001ec0                HAL_TIM_PWM_Init
 .text.HAL_TIM_PWM_MspDeInit
                0x08001f4c        0x4 HAL_Driver/Src/stm32l1xx_hal_tim.o
                0x08001f4c                HAL_TIM_PWM_MspDeInit
 .text.HAL_TIM_PWM_DeInit
                0x08001f50       0x30 HAL_Driver/Src/stm32l1xx_hal_tim.o
                0x08001f50                HAL_TIM_PWM_DeInit
 .text.HAL_TIM_PWM_Start
                0x08001f80       0x24 HAL_Driver/Src/stm32l1xx_hal_tim.o
                0x08001f80                HAL_TIM_PWM_Start
 .text.HAL_TIM_PWM_ConfigChannel
                0x08001fa4      0x168 HAL_Driver/Src/stm32l1xx_hal_tim.o
                0x08001fa4                HAL_TIM_PWM_ConfigChannel
 .text.UART_SetConfig
                0x0800210c      0x2cc HAL_Driver/Src/stm32l1xx_hal_uart.o
 .text.HAL_UART_MspInit
                0x080023d8        0x4 HAL_Driver/Src/stm32l1xx_hal_uart.o
                0x080023d8                HAL_UART_MspInit
 .text.HAL_UART_Init
                0x080023dc       0x5c HAL_Driver/Src/stm32l1xx_hal_uart.o
                0x080023dc                HAL_UART_Init
 .text.HAL_UART_MspDeInit
                0x08002438        0x4 HAL_Driver/Src/stm32l1xx_hal_uart.o
                0x08002438                HAL_UART_MspDeInit
 .text.HAL_UART_DeInit
                0x0800243c       0x34 HAL_Driver/Src/stm32l1xx_hal_uart.o
                0x0800243c                HAL_UART_DeInit
 .text.HAL_UART_Transmit
                0x08002470      0x17c HAL_Driver/Src/stm32l1xx_hal_uart.o
                0x08002470                HAL_UART_Transmit
 .text.HAL_UART_Receive_IT
                0x080025ec       0x6c HAL_Driver/Src/stm32l1xx_hal_uart.o
                0x080025ec                HAL_UART_Receive_IT
 .text.HAL_UART_TxCpltCallback
                0x08002658        0x4 HAL_Driver/Src/stm32l1xx_hal_uart.o
                0x08002658                HAL_UART_TxCpltCallback
 .text.HAL_UART_ErrorCallback
                0x0800265c        0x4 HAL_Driver/Src/stm32l1xx_hal_uart.o
                0x0800265c                HAL_UART_ErrorCallback
 .text.HAL_UART_IRQHandler
                0x08002660      0x1cc HAL_Driver/Src/stm32l1xx_hal_uart.o
                0x08002660                HAL_UART_IRQHandler
 .text._ZN11ApplicationC2Ev
                0x0800282c       0x54 src/Application.o
                0x0800282c                Application::Application()
                0x0800282c                Application::Application()
 .text._ZN11Application3runEv
                0x08002880       0x78 src/Application.o
                0x08002880                Application::run()
 .text._ZN11Application8instanceEv
                0x080028f8        0xc src/Application.o
                0x080028f8                Application::instance()
 .text.startup.main
                0x08002904       0x38 src/main.o
                0x08002904                main
 .text._sbrk    0x0800293c       0x38 src/syscalls.o
                0x0800293c                _sbrk
 .text.SystemInit
                0x08002974      0x120 src/system_stm32l1xx.o
                0x08002974                SystemInit
 .text.SystemCoreClockUpdate
                0x08002a94       0x90 src/system_stm32l1xx.o
                0x08002a94                SystemCoreClockUpdate
 .text._ZN9Container12WrapperQueueIVhEC2EPS1_m
                0x08002b24       0x10 src/Container/Queue.o
                0x08002b24                Container::WrapperQueue<unsigned char volatile>::WrapperQueue(unsigned char volatile*, unsigned long)
                0x08002b24                Container::WrapperQueue<unsigned char volatile>::WrapperQueue(unsigned char volatile*, unsigned long)
 .text._ZN9Container12WrapperQueueIVhE7enqueueEh
                0x08002b34       0x40 src/Container/Queue.o
                0x08002b34                Container::WrapperQueue<unsigned char volatile>::enqueue(unsigned char)
 .text._ZN9Container12WrapperQueueIVhE7dequeueEv
                0x08002b74       0x60 src/Container/Queue.o
                0x08002b74                Container::WrapperQueue<unsigned char volatile>::dequeue()
 .text._ZN7Control7ControlC2Ev
                0x08002bd4       0x6c src/Control/Control.o
                0x08002bd4                Control::Control::Control()
                0x08002bd4                Control::Control::Control()
 .text._ZN7Control7ControlD2Ev
                0x08002c40       0x44 src/Control/Control.o
                0x08002c40                Control::Control::~Control()
                0x08002c40                Control::Control::~Control()
 .text._ZN7Control7Control14setControlDataERKNS_19ManualControlPacketE
                0x08002c84       0x70 src/Control/Control.o
                0x08002c84                Control::Control::setControlData(Control::ManualControlPacket const&)
 .text._ZN7Control7Control6updateEv
                0x08002cf4       0x48 src/Control/Control.o
                0x08002cf4                Control::Control::update()
 .text._ZN7Control10ManualMode14setControlDataERKNS_19ManualControlPacketEN6Periph6EngineES5_
                0x08002d3c      0x108 src/Control/ManualMode.o
                0x08002d3c                Control::ManualMode::setControlData(Control::ManualControlPacket const&, Periph::Engine, Periph::Engine)
 .text._ZN7Control6Packet11SizeForTypeENS_10PacketType4EnumE
                0x08002e44        0xc src/Control/Packet.o
                0x08002e44                Control::Packet::SizeForType(Control::PacketType::Enum)
 .text._ZN7Control6Packet13CalculateCRC8EPKht
                0x08002e50       0x30 src/Control/Packet.o
                0x08002e50                Control::Packet::CalculateCRC8(unsigned char const*, unsigned short)
 .text._ZN6Periph3AdcC2ENS_7AdcPins4EnumE
                0x08002e80      0x194 src/Periph/Adc.o
                0x08002e80                Periph::Adc::Adc(Periph::AdcPins::Enum)
                0x08002e80                Periph::Adc::Adc(Periph::AdcPins::Enum)
 .text._ZN6Periph3Adc4readEv
                0x08003014       0x5c src/Periph/Adc.o
                0x08003014                Periph::Adc::read()
 .text._ZN6Periph6BuzzerC2ENS_7Buzzers4EnumE
                0x08003070       0x3c src/Periph/Buzzer.o
                0x08003070                Periph::Buzzer::Buzzer(Periph::Buzzers::Enum)
                0x08003070                Periph::Buzzer::Buzzer(Periph::Buzzers::Enum)
 .text._ZN6Periph6Buzzer5startEv
                0x080030ac        0x8 src/Periph/Buzzer.o
                0x080030ac                Periph::Buzzer::start()
 .text._ZN6Periph6Buzzer4stopEv
                0x080030b4        0xc src/Periph/Buzzer.o
                0x080030b4                Periph::Buzzer::stop()
 .text._ZN6Periph6Buzzer6updateEv
                0x080030c0       0x1c src/Periph/Buzzer.o
                0x080030c0                Periph::Buzzer::update()
 .text._ZN6Periph16DigitalOutputPinC2EP12GPIO_TypeDeft
                0x080030dc      0x128 src/Periph/DigitalOutputPin.o
                0x080030dc                Periph::DigitalOutputPin::DigitalOutputPin(GPIO_TypeDef*, unsigned short)
                0x080030dc                Periph::DigitalOutputPin::DigitalOutputPin(GPIO_TypeDef*, unsigned short)
 .text._ZN6Periph16DigitalOutputPinD2Ev
                0x08003204        0x4 src/Periph/DigitalOutputPin.o
                0x08003204                Periph::DigitalOutputPin::~DigitalOutputPin()
                0x08003204                Periph::DigitalOutputPin::~DigitalOutputPin()
 .text._ZN6Periph16DigitalOutputPin8resetPinEv
                0x08003208        0xc src/Periph/DigitalOutputPin.o
                0x08003208                Periph::DigitalOutputPin::resetPin()
 .text._ZN6Periph16DigitalOutputPin8setPinToEb
                0x08003214       0x18 src/Periph/DigitalOutputPin.o
                0x08003214                Periph::DigitalOutputPin::setPinTo(bool)
 .text._ZN6Periph16DigitalOutputPin9togglePinEv
                0x0800322c        0x8 src/Periph/DigitalOutputPin.o
                0x0800322c                Periph::DigitalOutputPin::togglePin()
 .text._ZNK6Periph16DigitalOutputPin7readPinEv
                0x08003234       0x14 src/Periph/DigitalOutputPin.o
                0x08003234                Periph::DigitalOutputPin::readPin() const
 .text._ZN6Periph6EngineC2ENS_7Engines4EnumE
                0x08003248       0x5c src/Periph/Engine.o
                0x08003248                Periph::Engine::Engine(Periph::Engines::Enum)
                0x08003248                Periph::Engine::Engine(Periph::Engines::Enum)
 .text._ZN6Periph6Engine5startEv
                0x080032a4       0x18 src/Periph/Engine.o
                0x080032a4                Periph::Engine::start()
 .text._ZN6Periph6Engine4stopEv
                0x080032bc       0x1c src/Periph/Engine.o
                0x080032bc                Periph::Engine::stop()
 .text._ZN6Periph6Engine14setTargetSpeedEh
                0x080032d8       0x10 src/Periph/Engine.o
                0x080032d8                Periph::Engine::setTargetSpeed(unsigned char)
 .text._ZN6Periph6Engine18setTargetDirectionENS_4Dirs4EnumE
                0x080032e8       0x30 src/Periph/Engine.o
                0x080032e8                Periph::Engine::setTargetDirection(Periph::Dirs::Enum)
 .text._ZN6Periph6Engine6updateEv
                0x08003318       0xe4 src/Periph/Engine.o
                0x08003318                Periph::Engine::update()
 .text.startup._GLOBAL__sub_I__ZN6Periph13s_engineStateE
                0x080033fc        0xc src/Periph/Engine.o
 .text._ZN6Periph3LedC2ENS_4Leds4EnumE
                0x08003408       0x40 src/Periph/Led.o
                0x08003408                Periph::Led::Led(Periph::Leds::Enum)
                0x08003408                Periph::Led::Led(Periph::Leds::Enum)
 .text._ZN6Periph3LedD2Ev
                0x08003448       0x18 src/Periph/Led.o
                0x08003448                Periph::Led::~Led()
                0x08003448                Periph::Led::~Led()
 .text._ZN6Periph3Led6turnOnEv
                0x08003460       0x10 src/Periph/Led.o
                0x08003460                Periph::Led::turnOn()
 .text._ZN6Periph3PwmC2Ev
                0x08003470      0x1a4 src/Periph/Pwm.o
                0x08003470                Periph::Pwm::Pwm()
                0x08003470                Periph::Pwm::Pwm()
 .text._ZN6Periph3PwmD2Ev
                0x08003614       0x28 src/Periph/Pwm.o
                0x08003614                Periph::Pwm::~Pwm()
                0x08003614                Periph::Pwm::~Pwm()
 .text._ZN6Periph3Pwm5writeENS_4Pwms4EnumEm
                0x0800363c       0x14 src/Periph/Pwm.o
                0x0800363c                Periph::Pwm::write(Periph::Pwms::Enum, unsigned long)
 .text._ZNK6Periph3Pwm4readENS_4Pwms4EnumE
                0x08003650       0x14 src/Periph/Pwm.o
                0x08003650                Periph::Pwm::read(Periph::Pwms::Enum) const
 .text.startup._GLOBAL__sub_I__ZN6Periph3Pwm12s_refCounterE
                0x08003664       0x5c src/Periph/Pwm.o
 .text._ZN6Periph5ServoC2ENS_6Servos4EnumE
                0x080036c0       0x44 src/Periph/Servo.o
                0x080036c0                Periph::Servo::Servo(Periph::Servos::Enum)
                0x080036c0                Periph::Servo::Servo(Periph::Servos::Enum)
 .text._ZN6Periph5ServoD2Ev
                0x08003704       0x24 src/Periph/Servo.o
                0x08003704                Periph::Servo::~Servo()
                0x08003704                Periph::Servo::~Servo()
 .text._ZN6Periph5Servo4stopEv
                0x08003728       0x18 src/Periph/Servo.o
                0x08003728                Periph::Servo::stop()
 .text._ZN6Periph5Servo6updateEv
                0x08003740       0xb8 src/Periph/Servo.o
                0x08003740                Periph::Servo::update()
 .text.startup._GLOBAL__sub_I__ZN6Periph5ServoC2ENS_6Servos4EnumE
                0x080037f8        0xc src/Periph/Servo.o
 .text._ZN6Periph14SysTickCounterC2Ev
                0x08003804       0x60 src/Periph/SysTickCounter.o
                0x08003804                Periph::SysTickCounter::SysTickCounter()
                0x08003804                Periph::SysTickCounter::SysTickCounter()
 .text._ZNK6Periph14SysTickCounter14sinceLastResetEv
                0x08003864       0x10 src/Periph/SysTickCounter.o
                0x08003864                Periph::SysTickCounter::sinceLastReset() const
 .text.SysTick_Handler
                0x08003874       0x18 src/Periph/SysTickCounter.o
                0x08003874                SysTick_Handler
 .text._ZN6Periph5UsartC2ENS_6Usarts4EnumEm
                0x0800388c      0x13c src/Periph/Usart.o
                0x0800388c                Periph::Usart::Usart(Periph::Usarts::Enum, unsigned long)
                0x0800388c                Periph::Usart::Usart(Periph::Usarts::Enum, unsigned long)
 .text._ZN6Periph5UsartD2Ev
                0x080039c8       0x30 src/Periph/Usart.o
                0x080039c8                Periph::Usart::~Usart()
                0x080039c8                Periph::Usart::~Usart()
 .text._ZN6Periph5Usart5writeEPKc
                0x080039f8       0x38 src/Periph/Usart.o
                0x080039f8                Periph::Usart::write(char const*)
 .text._ZN6Periph5Usart5writeEPKhm
                0x08003a30       0x44 src/Periph/Usart.o
                0x08003a30                Periph::Usart::write(unsigned char const*, unsigned long)
 .text._ZN6Periph5Usart4readEv
                0x08003a74       0x2c src/Periph/Usart.o
                0x08003a74                Periph::Usart::read()
 .text._ZN6Periph5Usart8readWordEv
                0x08003aa0       0x48 src/Periph/Usart.o
                0x08003aa0                Periph::Usart::readWord()
 .text._ZN6Periph5Usart9readBytesEPhm
                0x08003ae8       0x44 src/Periph/Usart.o
                0x08003ae8                Periph::Usart::readBytes(unsigned char*, unsigned long)
 .text._ZNK6Periph5Usart14bytesAvailableEv
                0x08003b2c       0x34 src/Periph/Usart.o
                0x08003b2c                Periph::Usart::bytesAvailable() const
 .text.HAL_UART_RxCpltCallback
                0x08003b60       0x50 src/Periph/Usart.o
                0x08003b60                HAL_UART_RxCpltCallback
 .text.USART1_IRQHandler
                0x08003bb0        0xc src/Periph/Usart.o
                0x08003bb0                USART1_IRQHandler
 .text.startup._GLOBAL__sub_I__ZN6Periph5Usart7initRccEv
                0x08003bbc       0x6c src/Periph/Usart.o
 .text._ZN4Util3Bms14getChargeLevelEv
                0x08003c28      0x144 src/Util/Bms.o
                0x08003c28                Util::Bms::getChargeLevel()
 .text._ZN4Util3BmsC2Ev
                0x08003d6c       0x54 src/Util/Bms.o
                0x08003d6c                Util::Bms::Bms()
                0x08003d6c                Util::Bms::Bms()
 .text._ZN4Util3Bms6updateEv
                0x08003dc0      0x10c src/Util/Bms.o
                0x08003dc0                Util::Bms::update()
 .text._ZN7Control13CommunicationC2Ev
                0x08003ecc       0x18 src/Util/Communication.o
                0x08003ecc                Control::Communication::Communication()
                0x08003ecc                Control::Communication::Communication()
 .text._ZN7Control13Communication6updateEv
                0x08003ee4      0x134 src/Util/Communication.o
                0x08003ee4                Control::Communication::update()
 .text._ZN4Util6LoggerC2EPN6Periph5UsartE
                0x08004018        0x4 src/Util/Logger.o
                0x08004018                Util::Logger::Logger(Periph::Usart*)
                0x08004018                Util::Logger::Logger(Periph::Usart*)
 .text._ZN4Util6Logger5writeEPKcS2_
                0x0800401c       0x18 src/Util/Logger.o
                0x0800401c                Util::Logger::write(char const*, char const*)
 .text._ZN4Util6Logger8instanceEv
                0x08004034       0x10 src/Util/Logger.o
                0x08004034                Util::Logger::instance()
 .text._ZN4Util5TimerC2ENS_4TimeE
                0x08004044       0x20 src/Util/Timer.o
                0x08004044                Util::Timer::Timer(Util::Time)
                0x08004044                Util::Timer::Timer(Util::Time)
 .text._ZN4Util5Timer5startEv
                0x08004064       0x20 src/Util/Timer.o
                0x08004064                Util::Timer::start()
 .text._ZN4Util5Timer15wasTriggeredNowEv
                0x08004084       0x1c src/Util/Timer.o
                0x08004084                Util::Timer::wasTriggeredNow()
 .text._ZN4Util5Timer3runEv
                0x080040a0       0x48 src/Util/Timer.o
                0x080040a0                Util::Timer::run()
 .text.TRACE    0x080040e8       0x50 src/Util/Trace.o
                0x080040e8                TRACE
 .text.Reset_Handler
                0x08004138       0x48 startup/startup_stm32l152xe.o
                0x08004138                Reset_Handler
 .text.Default_Handler
                0x08004180        0x2 startup/startup_stm32l152xe.o
                0x08004180                RTC_Alarm_IRQHandler
                0x08004180                EXTI2_IRQHandler
                0x08004180                COMP_ACQ_IRQHandler
                0x08004180                DebugMon_Handler
                0x08004180                HardFault_Handler
                0x08004180                TIM10_IRQHandler
                0x08004180                USB_HP_IRQHandler
                0x08004180                TIM6_IRQHandler
                0x08004180                PVD_IRQHandler
                0x08004180                PendSV_Handler
                0x08004180                NMI_Handler
                0x08004180                EXTI3_IRQHandler
                0x08004180                EXTI0_IRQHandler
                0x08004180                I2C2_EV_IRQHandler
                0x08004180                UsageFault_Handler
                0x08004180                SPI1_IRQHandler
                0x08004180                USB_FS_WKUP_IRQHandler
                0x08004180                DMA2_Channel2_IRQHandler
                0x08004180                DMA1_Channel4_IRQHandler
                0x08004180                ADC1_IRQHandler
                0x08004180                USART3_IRQHandler
                0x08004180                DMA1_Channel7_IRQHandler
                0x08004180                LCD_IRQHandler
                0x08004180                UART5_IRQHandler
                0x08004180                TIM4_IRQHandler
                0x08004180                DMA2_Channel1_IRQHandler
                0x08004180                I2C1_EV_IRQHandler
                0x08004180                DMA1_Channel6_IRQHandler
                0x08004180                UART4_IRQHandler
                0x08004180                DMA2_Channel4_IRQHandler
                0x08004180                TIM3_IRQHandler
                0x08004180                RCC_IRQHandler
                0x08004180                DMA1_Channel1_IRQHandler
                0x08004180                Default_Handler
                0x08004180                EXTI15_10_IRQHandler
                0x08004180                TIM7_IRQHandler
                0x08004180                TIM5_IRQHandler
                0x08004180                EXTI9_5_IRQHandler
                0x08004180                TIM9_IRQHandler
                0x08004180                TAMPER_STAMP_IRQHandler
                0x08004180                RTC_WKUP_IRQHandler
                0x08004180                SPI2_IRQHandler
                0x08004180                MemManage_Handler
                0x08004180                SVC_Handler
                0x08004180                DMA2_Channel5_IRQHandler
                0x08004180                DMA1_Channel5_IRQHandler
                0x08004180                USB_LP_IRQHandler
                0x08004180                EXTI4_IRQHandler
                0x08004180                DMA1_Channel3_IRQHandler
                0x08004180                COMP_IRQHandler
                0x08004180                WWDG_IRQHandler
                0x08004180                TIM2_IRQHandler
                0x08004180                DAC_IRQHandler
                0x08004180                EXTI1_IRQHandler
                0x08004180                TIM11_IRQHandler
                0x08004180                USART2_IRQHandler
                0x08004180                I2C2_ER_IRQHandler
                0x08004180                DMA1_Channel2_IRQHandler
                0x08004180                FLASH_IRQHandler
                0x08004180                BusFault_Handler
                0x08004180                SPI3_IRQHandler
                0x08004180                I2C1_ER_IRQHandler
                0x08004180                DMA2_Channel3_IRQHandler
 *fill*         0x08004182        0x2 
 .text.__errno  0x08004184        0xc c:/ac6/systemworkbench/plugins/fr.ac6.mcu.externaltools.arm-none.win32_1.15.0.201708311556/tools/compiler/bin/../lib/gcc/arm-none-eabi/6.3.1/../../../../arm-none-eabi/lib/thumb/v7-m\libc.a(lib_a-errno.o)
                0x08004184                __errno
 .text.__libc_init_array
                0x08004190       0x50 c:/ac6/systemworkbench/plugins/fr.ac6.mcu.externaltools.arm-none.win32_1.15.0.201708311556/tools/compiler/bin/../lib/gcc/arm-none-eabi/6.3.1/../../../../arm-none-eabi/lib/thumb/v7-m\libc.a(lib_a-init.o)
                0x08004190                __libc_init_array
 .text.memset   0x080041e0       0x9c c:/ac6/systemworkbench/plugins/fr.ac6.mcu.externaltools.arm-none.win32_1.15.0.201708311556/tools/compiler/bin/../lib/gcc/arm-none-eabi/6.3.1/../../../../arm-none-eabi/lib/thumb/v7-m\libc.a(lib_a-memset.o)
                0x080041e0                memset
 .text.strlen   0x0800427c       0x5c c:/ac6/systemworkbench/plugins/fr.ac6.mcu.externaltools.arm-none.win32_1.15.0.201708311556/tools/compiler/bin/../lib/gcc/arm-none-eabi/6.3.1/../../../../arm-none-eabi/lib/thumb/v7-m\libc.a(lib_a-strlen-stub.o)
                0x0800427c                strlen
 .text._vsnprintf_r
                0x080042d8       0x70 c:/ac6/systemworkbench/plugins/fr.ac6.mcu.externaltools.arm-none.win32_1.15.0.201708311556/tools/compiler/bin/../lib/gcc/arm-none-eabi/6.3.1/../../../../arm-none-eabi/lib/thumb/v7-m\libc.a(lib_a-vsnprintf.o)
                0x080042d8                _vsnprintf_r
 .text.vsnprintf
                0x08004348       0x20 c:/ac6/systemworkbench/plugins/fr.ac6.mcu.externaltools.arm-none.win32_1.15.0.201708311556/tools/compiler/bin/../lib/gcc/arm-none-eabi/6.3.1/../../../../arm-none-eabi/lib/thumb/v7-m\libc.a(lib_a-vsnprintf.o)
                0x08004348                vsnprintf
 .text.startup.register_fini
                0x08004368       0x14 c:/ac6/systemworkbench/plugins/fr.ac6.mcu.externaltools.arm-none.win32_1.15.0.201708311556/tools/compiler/bin/../lib/gcc/arm-none-eabi/6.3.1/../../../../arm-none-eabi/lib/thumb/v7-m\libc.a(lib_a-__call_atexit.o)
 .text.atexit   0x0800437c        0xc c:/ac6/systemworkbench/plugins/fr.ac6.mcu.externaltools.arm-none.win32_1.15.0.201708311556/tools/compiler/bin/../lib/gcc/arm-none-eabi/6.3.1/../../../../arm-none-eabi/lib/thumb/v7-m\libc.a(lib_a-atexit.o)
                0x0800437c                atexit
 .text.__libc_fini_array
                0x08004388       0x34 c:/ac6/systemworkbench/plugins/fr.ac6.mcu.externaltools.arm-none.win32_1.15.0.201708311556/tools/compiler/bin/../lib/gcc/arm-none-eabi/6.3.1/../../../../arm-none-eabi/lib/thumb/v7-m\libc.a(lib_a-fini.o)
                0x08004388                __libc_fini_array
 .text.__retarget_lock_acquire_recursive
                0x080043bc        0x4 c:/ac6/systemworkbench/plugins/fr.ac6.mcu.externaltools.arm-none.win32_1.15.0.201708311556/tools/compiler/bin/../lib/gcc/arm-none-eabi/6.3.1/../../../../arm-none-eabi/lib/thumb/v7-m\libc.a(lib_a-lock.o)
                0x080043bc                __retarget_lock_acquire_recursive
 .text.__retarget_lock_release_recursive
                0x080043c0        0x4 c:/ac6/systemworkbench/plugins/fr.ac6.mcu.externaltools.arm-none.win32_1.15.0.201708311556/tools/compiler/bin/../lib/gcc/arm-none-eabi/6.3.1/../../../../arm-none-eabi/lib/thumb/v7-m\libc.a(lib_a-lock.o)
                0x080043c0                __retarget_lock_release_recursive
 .text._svfprintf_r
                0x080043c4     0x1500 c:/ac6/systemworkbench/plugins/fr.ac6.mcu.externaltools.arm-none.win32_1.15.0.201708311556/tools/compiler/bin/../lib/gcc/arm-none-eabi/6.3.1/../../../../arm-none-eabi/lib/thumb/v7-m\libc.a(lib_a-svfprintf.o)
                0x080043c4                _svfprintf_r
 .text.__register_exitproc
                0x080058c4       0xc4 c:/ac6/systemworkbench/plugins/fr.ac6.mcu.externaltools.arm-none.win32_1.15.0.201708311556/tools/compiler/bin/../lib/gcc/arm-none-eabi/6.3.1/../../../../arm-none-eabi/lib/thumb/v7-m\libc.a(lib_a-__atexit.o)
                0x080058c4                __register_exitproc
 .text.quorem   0x08005988      0x128 c:/ac6/systemworkbench/plugins/fr.ac6.mcu.externaltools.arm-none.win32_1.15.0.201708311556/tools/compiler/bin/../lib/gcc/arm-none-eabi/6.3.1/../../../../arm-none-eabi/lib/thumb/v7-m\libc.a(lib_a-dtoa.o)
 .text._dtoa_r  0x08005ab0      0xe44 c:/ac6/systemworkbench/plugins/fr.ac6.mcu.externaltools.arm-none.win32_1.15.0.201708311556/tools/compiler/bin/../lib/gcc/arm-none-eabi/6.3.1/../../../../arm-none-eabi/lib/thumb/v7-m\libc.a(lib_a-dtoa.o)
                0x08005ab0                _dtoa_r
 .text._localeconv_r
                0x080068f4       0x1c c:/ac6/systemworkbench/plugins/fr.ac6.mcu.externaltools.arm-none.win32_1.15.0.201708311556/tools/compiler/bin/../lib/gcc/arm-none-eabi/6.3.1/../../../../arm-none-eabi/lib/thumb/v7-m\libc.a(lib_a-localeconv.o)
                0x080068f4                _localeconv_r
 .text._malloc_r
                0x08006910      0x544 c:/ac6/systemworkbench/plugins/fr.ac6.mcu.externaltools.arm-none.win32_1.15.0.201708311556/tools/compiler/bin/../lib/gcc/arm-none-eabi/6.3.1/../../../../arm-none-eabi/lib/thumb/v7-m\libc.a(lib_a-mallocr.o)
                0x08006910                _malloc_r
 .text.memchr   0x08006e54       0x8c c:/ac6/systemworkbench/plugins/fr.ac6.mcu.externaltools.arm-none.win32_1.15.0.201708311556/tools/compiler/bin/../lib/gcc/arm-none-eabi/6.3.1/../../../../arm-none-eabi/lib/thumb/v7-m\libc.a(lib_a-memchr-stub.o)
                0x08006e54                memchr
 .text.__malloc_lock
                0x08006ee0        0xc c:/ac6/systemworkbench/plugins/fr.ac6.mcu.externaltools.arm-none.win32_1.15.0.201708311556/tools/compiler/bin/../lib/gcc/arm-none-eabi/6.3.1/../../../../arm-none-eabi/lib/thumb/v7-m\libc.a(lib_a-mlock.o)
                0x08006ee0                __malloc_lock
 .text.__malloc_unlock
                0x08006eec        0xc c:/ac6/systemworkbench/plugins/fr.ac6.mcu.externaltools.arm-none.win32_1.15.0.201708311556/tools/compiler/bin/../lib/gcc/arm-none-eabi/6.3.1/../../../../arm-none-eabi/lib/thumb/v7-m\libc.a(lib_a-mlock.o)
                0x08006eec                __malloc_unlock
 .text._Balloc  0x08006ef8       0x4c c:/ac6/systemworkbench/plugins/fr.ac6.mcu.externaltools.arm-none.win32_1.15.0.201708311556/tools/compiler/bin/../lib/gcc/arm-none-eabi/6.3.1/../../../../arm-none-eabi/lib/thumb/v7-m\libc.a(lib_a-mprec.o)
                0x08006ef8                _Balloc
 .text._Bfree   0x08006f44       0x14 c:/ac6/systemworkbench/plugins/fr.ac6.mcu.externaltools.arm-none.win32_1.15.0.201708311556/tools/compiler/bin/../lib/gcc/arm-none-eabi/6.3.1/../../../../arm-none-eabi/lib/thumb/v7-m\libc.a(lib_a-mprec.o)
                0x08006f44                _Bfree
 .text.__multadd
                0x08006f58       0x84 c:/ac6/systemworkbench/plugins/fr.ac6.mcu.externaltools.arm-none.win32_1.15.0.201708311556/tools/compiler/bin/../lib/gcc/arm-none-eabi/6.3.1/../../../../arm-none-eabi/lib/thumb/v7-m\libc.a(lib_a-mprec.o)
                0x08006f58                __multadd
 .text.__hi0bits
                0x08006fdc       0x40 c:/ac6/systemworkbench/plugins/fr.ac6.mcu.externaltools.arm-none.win32_1.15.0.201708311556/tools/compiler/bin/../lib/gcc/arm-none-eabi/6.3.1/../../../../arm-none-eabi/lib/thumb/v7-m\libc.a(lib_a-mprec.o)
                0x08006fdc                __hi0bits
 .text.__lo0bits
                0x0800701c       0x60 c:/ac6/systemworkbench/plugins/fr.ac6.mcu.externaltools.arm-none.win32_1.15.0.201708311556/tools/compiler/bin/../lib/gcc/arm-none-eabi/6.3.1/../../../../arm-none-eabi/lib/thumb/v7-m\libc.a(lib_a-mprec.o)
                0x0800701c                __lo0bits
 .text.__i2b    0x0800707c       0x14 c:/ac6/systemworkbench/plugins/fr.ac6.mcu.externaltools.arm-none.win32_1.15.0.201708311556/tools/compiler/bin/../lib/gcc/arm-none-eabi/6.3.1/../../../../arm-none-eabi/lib/thumb/v7-m\libc.a(lib_a-mprec.o)
                0x0800707c                __i2b
 .text.__multiply
                0x08007090      0x124 c:/ac6/systemworkbench/plugins/fr.ac6.mcu.externaltools.arm-none.win32_1.15.0.201708311556/tools/compiler/bin/../lib/gcc/arm-none-eabi/6.3.1/../../../../arm-none-eabi/lib/thumb/v7-m\libc.a(lib_a-mprec.o)
                0x08007090                __multiply
 .text.__pow5mult
                0x080071b4       0xa0 c:/ac6/systemworkbench/plugins/fr.ac6.mcu.externaltools.arm-none.win32_1.15.0.201708311556/tools/compiler/bin/../lib/gcc/arm-none-eabi/6.3.1/../../../../arm-none-eabi/lib/thumb/v7-m\libc.a(lib_a-mprec.o)
                0x080071b4                __pow5mult
 .text.__lshift
                0x08007254       0xa0 c:/ac6/systemworkbench/plugins/fr.ac6.mcu.externaltools.arm-none.win32_1.15.0.201708311556/tools/compiler/bin/../lib/gcc/arm-none-eabi/6.3.1/../../../../arm-none-eabi/lib/thumb/v7-m\libc.a(lib_a-mprec.o)
                0x08007254                __lshift
 .text.__mcmp   0x080072f4       0x38 c:/ac6/systemworkbench/plugins/fr.ac6.mcu.externaltools.arm-none.win32_1.15.0.201708311556/tools/compiler/bin/../lib/gcc/arm-none-eabi/6.3.1/../../../../arm-none-eabi/lib/thumb/v7-m\libc.a(lib_a-mprec.o)
                0x080072f4                __mcmp
 .text.__mdiff  0x0800732c      0x11c c:/ac6/systemworkbench/plugins/fr.ac6.mcu.externaltools.arm-none.win32_1.15.0.201708311556/tools/compiler/bin/../lib/gcc/arm-none-eabi/6.3.1/../../../../arm-none-eabi/lib/thumb/v7-m\libc.a(lib_a-mprec.o)
                0x0800732c                __mdiff
 .text.__d2b    0x08007448       0xa8 c:/ac6/systemworkbench/plugins/fr.ac6.mcu.externaltools.arm-none.win32_1.15.0.201708311556/tools/compiler/bin/../lib/gcc/arm-none-eabi/6.3.1/../../../../arm-none-eabi/lib/thumb/v7-m\libc.a(lib_a-mprec.o)
                0x08007448                __d2b
 .text._sbrk_r  0x080074f0       0x24 c:/ac6/systemworkbench/plugins/fr.ac6.mcu.externaltools.arm-none.win32_1.15.0.201708311556/tools/compiler/bin/../lib/gcc/arm-none-eabi/6.3.1/../../../../arm-none-eabi/lib/thumb/v7-m\libc.a(lib_a-sbrkr.o)
                0x080074f0                _sbrk_r
 .text.__ssprint_r
                0x08007514       0xfc c:/ac6/systemworkbench/plugins/fr.ac6.mcu.externaltools.arm-none.win32_1.15.0.201708311556/tools/compiler/bin/../lib/gcc/arm-none-eabi/6.3.1/../../../../arm-none-eabi/lib/thumb/v7-m\libc.a(lib_a-svfiprintf.o)
                0x08007514                __ssprint_r
 .text._calloc_r
                0x08007610       0x60 c:/ac6/systemworkbench/plugins/fr.ac6.mcu.externaltools.arm-none.win32_1.15.0.201708311556/tools/compiler/bin/../lib/gcc/arm-none-eabi/6.3.1/../../../../arm-none-eabi/lib/thumb/v7-m\libc.a(lib_a-callocr.o)
                0x08007610                _calloc_r
 .text._malloc_trim_r
                0x08007670       0xa0 c:/ac6/systemworkbench/plugins/fr.ac6.mcu.externaltools.arm-none.win32_1.15.0.201708311556/tools/compiler/bin/../lib/gcc/arm-none-eabi/6.3.1/../../../../arm-none-eabi/lib/thumb/v7-m\libc.a(lib_a-freer.o)
                0x08007670                _malloc_trim_r
 .text._free_r  0x08007710      0x1cc c:/ac6/systemworkbench/plugins/fr.ac6.mcu.externaltools.arm-none.win32_1.15.0.201708311556/tools/compiler/bin/../lib/gcc/arm-none-eabi/6.3.1/../../../../arm-none-eabi/lib/thumb/v7-m\libc.a(lib_a-freer.o)
                0x08007710                _free_r
 .text.__ascii_mbtowc
                0x080078dc       0x2c c:/ac6/systemworkbench/plugins/fr.ac6.mcu.externaltools.arm-none.win32_1.15.0.201708311556/tools/compiler/bin/../lib/gcc/arm-none-eabi/6.3.1/../../../../arm-none-eabi/lib/thumb/v7-m\libc.a(lib_a-mbtowc_r.o)
                0x080078dc                __ascii_mbtowc
 .text.memmove  0x08007908       0xc8 c:/ac6/systemworkbench/plugins/fr.ac6.mcu.externaltools.arm-none.win32_1.15.0.201708311556/tools/compiler/bin/../lib/gcc/arm-none-eabi/6.3.1/../../../../arm-none-eabi/lib/thumb/v7-m\libc.a(lib_a-memmove.o)
                0x08007908                memmove
 .text._realloc_r
                0x080079d0      0x36c c:/ac6/systemworkbench/plugins/fr.ac6.mcu.externaltools.arm-none.win32_1.15.0.201708311556/tools/compiler/bin/../lib/gcc/arm-none-eabi/6.3.1/../../../../arm-none-eabi/lib/thumb/v7-m\libc.a(lib_a-reallocr.o)
                0x080079d0                _realloc_r
 .text.__ascii_wctomb
                0x08007d3c       0x18 c:/ac6/systemworkbench/plugins/fr.ac6.mcu.externaltools.arm-none.win32_1.15.0.201708311556/tools/compiler/bin/../lib/gcc/arm-none-eabi/6.3.1/../../../../arm-none-eabi/lib/thumb/v7-m\libc.a(lib_a-wctomb_r.o)
                0x08007d3c                __ascii_wctomb
 *(.glue_7)
 .glue_7        0x08007d54        0x0 linker stubs
 *(.glue_7t)
 .glue_7t       0x08007d54        0x0 linker stubs
 *(.eh_frame)
 .eh_frame      0x08007d54        0x0 c:/ac6/systemworkbench/plugins/fr.ac6.mcu.externaltools.arm-none.win32_1.15.0.201708311556/tools/compiler/bin/../lib/gcc/arm-none-eabi/6.3.1/thumb/v7-m/crtbegin.o
 *(.init)
 .init          0x08007d54        0x4 c:/ac6/systemworkbench/plugins/fr.ac6.mcu.externaltools.arm-none.win32_1.15.0.201708311556/tools/compiler/bin/../lib/gcc/arm-none-eabi/6.3.1/thumb/v7-m/crti.o
                0x08007d54                _init
 .init          0x08007d58        0x8 c:/ac6/systemworkbench/plugins/fr.ac6.mcu.externaltools.arm-none.win32_1.15.0.201708311556/tools/compiler/bin/../lib/gcc/arm-none-eabi/6.3.1/thumb/v7-m/crtn.o
 *(.fini)
 .fini          0x08007d60        0x4 c:/ac6/systemworkbench/plugins/fr.ac6.mcu.externaltools.arm-none.win32_1.15.0.201708311556/tools/compiler/bin/../lib/gcc/arm-none-eabi/6.3.1/thumb/v7-m/crti.o
                0x08007d60                _fini
 .fini          0x08007d64        0x8 c:/ac6/systemworkbench/plugins/fr.ac6.mcu.externaltools.arm-none.win32_1.15.0.201708311556/tools/compiler/bin/../lib/gcc/arm-none-eabi/6.3.1/thumb/v7-m/crtn.o
                0x08007d6c                . = ALIGN (0x4)
                0x08007d6c                _etext = .

.vfp11_veneer   0x08007d6c        0x0
 .vfp11_veneer  0x08007d6c        0x0 linker stubs

.v4_bx          0x08007d6c        0x0
 .v4_bx         0x08007d6c        0x0 linker stubs

.iplt           0x08007d6c        0x0
 .iplt          0x08007d6c        0x0 c:/ac6/systemworkbench/plugins/fr.ac6.mcu.externaltools.arm-none.win32_1.15.0.201708311556/tools/compiler/bin/../lib/gcc/arm-none-eabi/6.3.1/thumb/v7-m/crtbegin.o

.rodata         0x08007d70      0x920
                0x08007d70                . = ALIGN (0x4)
 *(.rodata)
 .rodata        0x08007d70        0xc src/Application.o
 .rodata        0x08007d7c       0x24 src/system_stm32l1xx.o
                0x08007d7c                PLLMulTable
                0x08007d88                AHBPrescTable
                0x08007d98                APBPrescTable
 .rodata        0x08007da0      0x500 src/Control/Packet.o
 .rodata        0x080082a0       0x20 src/Periph/Adc.o
 .rodata        0x080082c0        0x8 src/Periph/Buzzer.o
 .rodata        0x080082c8       0x38 src/Periph/Engine.o
 .rodata        0x08008300       0x48 src/Periph/Usart.o
 *(.rodata*)
 .rodata.str1.4
                0x08008348       0x28 src/Application.o
 .rodata.str1.4
                0x08008370       0x19 src/Periph/Adc.o
 *fill*         0x08008389        0x3 
 .rodata.str1.4
                0x0800838c       0x15 src/Periph/SysTickCounter.o
 *fill*         0x080083a1        0x3 
 .rodata.str1.4
                0x080083a4       0x1b src/Util/Bms.o
 *fill*         0x080083bf        0x1 
 .rodata.str1.4
                0x080083c0       0x48 src/Util/Communication.o
 .rodata._global_impure_ptr
                0x08008408        0x4 c:/ac6/systemworkbench/plugins/fr.ac6.mcu.externaltools.arm-none.win32_1.15.0.201708311556/tools/compiler/bin/../lib/gcc/arm-none-eabi/6.3.1/../../../../arm-none-eabi/lib/thumb/v7-m\libc.a(lib_a-impure.o)
                0x08008408                _global_impure_ptr
 .rodata._svfprintf_r.str1.4
                0x0800840c       0x42 c:/ac6/systemworkbench/plugins/fr.ac6.mcu.externaltools.arm-none.win32_1.15.0.201708311556/tools/compiler/bin/../lib/gcc/arm-none-eabi/6.3.1/../../../../arm-none-eabi/lib/thumb/v7-m\libc.a(lib_a-svfprintf.o)
 *fill*         0x0800844e        0x2 
 .rodata.blanks.7223
                0x08008450       0x10 c:/ac6/systemworkbench/plugins/fr.ac6.mcu.externaltools.arm-none.win32_1.15.0.201708311556/tools/compiler/bin/../lib/gcc/arm-none-eabi/6.3.1/../../../../arm-none-eabi/lib/thumb/v7-m\libc.a(lib_a-svfprintf.o)
 .rodata.zeroes.7224
                0x08008460       0x10 c:/ac6/systemworkbench/plugins/fr.ac6.mcu.externaltools.arm-none.win32_1.15.0.201708311556/tools/compiler/bin/../lib/gcc/arm-none-eabi/6.3.1/../../../../arm-none-eabi/lib/thumb/v7-m\libc.a(lib_a-svfprintf.o)
 .rodata._dtoa_r.str1.4
                0x08008470       0x10 c:/ac6/systemworkbench/plugins/fr.ac6.mcu.externaltools.arm-none.win32_1.15.0.201708311556/tools/compiler/bin/../lib/gcc/arm-none-eabi/6.3.1/../../../../arm-none-eabi/lib/thumb/v7-m\libc.a(lib_a-dtoa.o)
                                 0x12 (size before relaxing)
 .rodata.__mprec_bigtens
                0x08008480       0x28 c:/ac6/systemworkbench/plugins/fr.ac6.mcu.externaltools.arm-none.win32_1.15.0.201708311556/tools/compiler/bin/../lib/gcc/arm-none-eabi/6.3.1/../../../../arm-none-eabi/lib/thumb/v7-m\libc.a(lib_a-mprec.o)
                0x08008480                __mprec_bigtens
 .rodata.__mprec_tens
                0x080084a8       0xc8 c:/ac6/systemworkbench/plugins/fr.ac6.mcu.externaltools.arm-none.win32_1.15.0.201708311556/tools/compiler/bin/../lib/gcc/arm-none-eabi/6.3.1/../../../../arm-none-eabi/lib/thumb/v7-m\libc.a(lib_a-mprec.o)
                0x080084a8                __mprec_tens
 .rodata.p05.6055
                0x08008570        0xc c:/ac6/systemworkbench/plugins/fr.ac6.mcu.externaltools.arm-none.win32_1.15.0.201708311556/tools/compiler/bin/../lib/gcc/arm-none-eabi/6.3.1/../../../../arm-none-eabi/lib/thumb/v7-m\libc.a(lib_a-mprec.o)
 .rodata._setlocale_r.str1.4
                0x0800857c        0xa c:/ac6/systemworkbench/plugins/fr.ac6.mcu.externaltools.arm-none.win32_1.15.0.201708311556/tools/compiler/bin/../lib/gcc/arm-none-eabi/6.3.1/../../../../arm-none-eabi/lib/thumb/v7-m\libc.a(lib_a-locale.o)
                                  0xd (size before relaxing)
 *fill*         0x08008586        0x2 
 .rodata.str1.4
                0x08008588        0x4 c:/ac6/systemworkbench/plugins/fr.ac6.mcu.externaltools.arm-none.win32_1.15.0.201708311556/tools/compiler/bin/../lib/gcc/arm-none-eabi/6.3.1/../../../../arm-none-eabi/lib/thumb/v7-m\libc.a(lib_a-locale.o)
                                  0x2 (size before relaxing)
 .rodata._ctype_
                0x0800858c      0x101 c:/ac6/systemworkbench/plugins/fr.ac6.mcu.externaltools.arm-none.win32_1.15.0.201708311556/tools/compiler/bin/../lib/gcc/arm-none-eabi/6.3.1/../../../../arm-none-eabi/lib/thumb/v7-m\libc.a(lib_a-ctype_.o)
                0x0800858c                _ctype_
                0x08008690                . = ALIGN (0x4)
 *fill*         0x0800868d        0x3 

.ARM.extab
 *(.ARM.extab* .gnu.linkonce.armextab.*)

.ARM            0x08008690        0x8
                0x08008690                __exidx_start = .
 *(.ARM.exidx*)
 .ARM.exidx     0x08008690        0x8 c:/ac6/systemworkbench/plugins/fr.ac6.mcu.externaltools.arm-none.win32_1.15.0.201708311556/tools/compiler/bin/../lib/gcc/arm-none-eabi/6.3.1/thumb/v7-m\libgcc.a(_udivmoddi4.o)
                0x08008698                __exidx_end = .

.rel.dyn        0x08008698        0x0
 .rel.iplt      0x08008698        0x0 c:/ac6/systemworkbench/plugins/fr.ac6.mcu.externaltools.arm-none.win32_1.15.0.201708311556/tools/compiler/bin/../lib/gcc/arm-none-eabi/6.3.1/thumb/v7-m/crtbegin.o

.preinit_array  0x08008698        0x0
                0x08008698                PROVIDE (__preinit_array_start, .)
 *(.preinit_array*)
                0x08008698                PROVIDE (__preinit_array_end, .)

.init_array     0x08008698       0x18
                0x08008698                PROVIDE (__init_array_start, .)
 *(SORT(.init_array.*))
 .init_array.00000
                0x08008698        0x4 c:/ac6/systemworkbench/plugins/fr.ac6.mcu.externaltools.arm-none.win32_1.15.0.201708311556/tools/compiler/bin/../lib/gcc/arm-none-eabi/6.3.1/../../../../arm-none-eabi/lib/thumb/v7-m\libc.a(lib_a-__call_atexit.o)
 *(.init_array*)
 .init_array    0x0800869c        0x4 c:/ac6/systemworkbench/plugins/fr.ac6.mcu.externaltools.arm-none.win32_1.15.0.201708311556/tools/compiler/bin/../lib/gcc/arm-none-eabi/6.3.1/thumb/v7-m/crtbegin.o
 .init_array    0x080086a0        0x4 src/Periph/Engine.o
 .init_array    0x080086a4        0x4 src/Periph/Pwm.o
 .init_array    0x080086a8        0x4 src/Periph/Servo.o
 .init_array    0x080086ac        0x4 src/Periph/Usart.o
                0x080086b0                PROVIDE (__init_array_end, .)

.fini_array     0x080086b0        0x4
                0x080086b0                PROVIDE (__fini_array_start, .)
 *(SORT(.fini_array.*))
 *(.fini_array*)
 .fini_array    0x080086b0        0x4 c:/ac6/systemworkbench/plugins/fr.ac6.mcu.externaltools.arm-none.win32_1.15.0.201708311556/tools/compiler/bin/../lib/gcc/arm-none-eabi/6.3.1/thumb/v7-m/crtbegin.o
                0x080086b4                PROVIDE (__fini_array_end, .)
                0x080086b4                _sidata = LOADADDR (.data)

.data           0x20000000      0x9c8 load address 0x080086b4
                0x20000000                . = ALIGN (0x4)
                0x20000000                _sdata = .
 *(.data)
 .data          0x20000000        0x4 src/system_stm32l1xx.o
                0x20000000                SystemCoreClock
 .data          0x20000004       0x14 src/Periph/Pwm.o
 *(.data*)
 .data._impure_ptr
                0x20000018        0x4 c:/ac6/systemworkbench/plugins/fr.ac6.mcu.externaltools.arm-none.win32_1.15.0.201708311556/tools/compiler/bin/../lib/gcc/arm-none-eabi/6.3.1/../../../../arm-none-eabi/lib/thumb/v7-m\libc.a(lib_a-impure.o)
                0x20000018                _impure_ptr
 *fill*         0x2000001c        0x4 
 .data.impure_data
                0x20000020      0x428 c:/ac6/systemworkbench/plugins/fr.ac6.mcu.externaltools.arm-none.win32_1.15.0.201708311556/tools/compiler/bin/../lib/gcc/arm-none-eabi/6.3.1/../../../../arm-none-eabi/lib/thumb/v7-m\libc.a(lib_a-impure.o)
 .data.__atexit_recursive_mutex
                0x20000448        0x4 c:/ac6/systemworkbench/plugins/fr.ac6.mcu.externaltools.arm-none.win32_1.15.0.201708311556/tools/compiler/bin/../lib/gcc/arm-none-eabi/6.3.1/../../../../arm-none-eabi/lib/thumb/v7-m\libc.a(lib_a-__call_atexit.o)
                0x20000448                __atexit_recursive_mutex
 .data.__malloc_av_
                0x2000044c      0x408 c:/ac6/systemworkbench/plugins/fr.ac6.mcu.externaltools.arm-none.win32_1.15.0.201708311556/tools/compiler/bin/../lib/gcc/arm-none-eabi/6.3.1/../../../../arm-none-eabi/lib/thumb/v7-m\libc.a(lib_a-mallocr.o)
                0x2000044c                __malloc_av_
 .data.__malloc_sbrk_base
                0x20000854        0x4 c:/ac6/systemworkbench/plugins/fr.ac6.mcu.externaltools.arm-none.win32_1.15.0.201708311556/tools/compiler/bin/../lib/gcc/arm-none-eabi/6.3.1/../../../../arm-none-eabi/lib/thumb/v7-m\libc.a(lib_a-mallocr.o)
                0x20000854                __malloc_sbrk_base
 .data.__malloc_trim_threshold
                0x20000858        0x4 c:/ac6/systemworkbench/plugins/fr.ac6.mcu.externaltools.arm-none.win32_1.15.0.201708311556/tools/compiler/bin/../lib/gcc/arm-none-eabi/6.3.1/../../../../arm-none-eabi/lib/thumb/v7-m\libc.a(lib_a-mallocr.o)
                0x20000858                __malloc_trim_threshold
 .data.__global_locale
                0x2000085c      0x16c c:/ac6/systemworkbench/plugins/fr.ac6.mcu.externaltools.arm-none.win32_1.15.0.201708311556/tools/compiler/bin/../lib/gcc/arm-none-eabi/6.3.1/../../../../arm-none-eabi/lib/thumb/v7-m\libc.a(lib_a-locale.o)
                0x2000085c                __global_locale
 *(.RamFunc)
                0x200009c8                . = ALIGN (0x4)
                0x200009c8                _edata = .

.jcr            0x200009c8        0x0 load address 0x0800907c
 .jcr           0x200009c8        0x0 c:/ac6/systemworkbench/plugins/fr.ac6.mcu.externaltools.arm-none.win32_1.15.0.201708311556/tools/compiler/bin/../lib/gcc/arm-none-eabi/6.3.1/thumb/v7-m/crtbegin.o

.igot.plt       0x200009c8        0x0 load address 0x0800907c
 .igot.plt      0x200009c8        0x0 c:/ac6/systemworkbench/plugins/fr.ac6.mcu.externaltools.arm-none.win32_1.15.0.201708311556/tools/compiler/bin/../lib/gcc/arm-none-eabi/6.3.1/thumb/v7-m/crtbegin.o
                0x200009c8                . = ALIGN (0x4)

.bss            0x200009c8      0xf14 load address 0x0800907c
                0x200009c8                _sbss = .
                0x200009c8                __bss_start__ = _sbss
 *(.bss)
 .bss           0x200009c8       0x1c c:/ac6/systemworkbench/plugins/fr.ac6.mcu.externaltools.arm-none.win32_1.15.0.201708311556/tools/compiler/bin/../lib/gcc/arm-none-eabi/6.3.1/thumb/v7-m/crtbegin.o
 .bss           0x200009e4        0x4 src/Application.o
                0x200009e4                Application::m_instance
 .bss           0x200009e8        0x8 src/syscalls.o
                0x200009ec                __env
 .bss           0x200009f0       0x6c src/Periph/Adc.o
 .bss           0x20000a5c        0xb src/Periph/Engine.o
                0x20000a5c                Periph::s_engineState
                0x20000a60                Periph::s_engineSpeeds
 *fill*         0x20000a67        0x1 
 .bss           0x20000a68       0xcc src/Periph/Pwm.o
                0x20000a68                Periph::htim
                0x20000b10                Periph::Pwm::s_refCounter
 .bss           0x20000b34        0xc src/Periph/Servo.o
 .bss           0x20000b40       0x10 src/Periph/SysTickCounter.o
 .bss           0x20000b50      0xd24 src/Periph/Usart.o
 .bss           0x20001874        0x8 src/Util/Bms.o
 *(.bss*)
 .bss.__malloc_current_mallinfo
                0x2000187c       0x28 c:/ac6/systemworkbench/plugins/fr.ac6.mcu.externaltools.arm-none.win32_1.15.0.201708311556/tools/compiler/bin/../lib/gcc/arm-none-eabi/6.3.1/../../../../arm-none-eabi/lib/thumb/v7-m\libc.a(lib_a-mallocr.o)
                0x2000187c                __malloc_current_mallinfo
 .bss.__malloc_max_sbrked_mem
                0x200018a4        0x4 c:/ac6/systemworkbench/plugins/fr.ac6.mcu.externaltools.arm-none.win32_1.15.0.201708311556/tools/compiler/bin/../lib/gcc/arm-none-eabi/6.3.1/../../../../arm-none-eabi/lib/thumb/v7-m\libc.a(lib_a-mallocr.o)
                0x200018a4                __malloc_max_sbrked_mem
 .bss.__malloc_max_total_mem
                0x200018a8        0x4 c:/ac6/systemworkbench/plugins/fr.ac6.mcu.externaltools.arm-none.win32_1.15.0.201708311556/tools/compiler/bin/../lib/gcc/arm-none-eabi/6.3.1/../../../../arm-none-eabi/lib/thumb/v7-m\libc.a(lib_a-mallocr.o)
                0x200018a8                __malloc_max_total_mem
 .bss.__malloc_top_pad
                0x200018ac        0x4 c:/ac6/systemworkbench/plugins/fr.ac6.mcu.externaltools.arm-none.win32_1.15.0.201708311556/tools/compiler/bin/../lib/gcc/arm-none-eabi/6.3.1/../../../../arm-none-eabi/lib/thumb/v7-m\libc.a(lib_a-mallocr.o)
                0x200018ac                __malloc_top_pad
 *(COMMON)
 COMMON         0x200018b0        0x4 HAL_Driver/Src/stm32l1xx_hal.o
                0x200018b0                uwTick
 COMMON         0x200018b4       0x21 c:/ac6/systemworkbench/plugins/fr.ac6.mcu.externaltools.arm-none.win32_1.15.0.201708311556/tools/compiler/bin/../lib/gcc/arm-none-eabi/6.3.1/../../../../arm-none-eabi/lib/thumb/v7-m\libc.a(lib_a-lock.o)
                0x200018b4                __lock___atexit_recursive_mutex
                0x200018b8                __lock___arc4random_mutex
                0x200018bc                __lock___env_recursive_mutex
                0x200018c0                __lock___sinit_recursive_mutex
                0x200018c4                __lock___malloc_recursive_mutex
                0x200018c8                __lock___at_quick_exit_mutex
                0x200018cc                __lock___dd_hash_mutex
                0x200018d0                __lock___tz_mutex
                0x200018d4                __lock___sfp_recursive_mutex
 *fill*         0x200018d5        0x3 
 COMMON         0x200018d8        0x4 c:/ac6/systemworkbench/plugins/fr.ac6.mcu.externaltools.arm-none.win32_1.15.0.201708311556/tools/compiler/bin/../lib/gcc/arm-none-eabi/6.3.1/../../../../arm-none-eabi/lib/thumb/v7-m\libc.a(lib_a-reent.o)
                0x200018d8                errno
                0x200018dc                . = ALIGN (0x4)
                0x200018dc                _ebss = .
                0x200018dc                __bss_end__ = _ebss

._user_heap_stack
                0x200018dc      0x604 load address 0x0800907c
                0x200018e0                . = ALIGN (0x8)
 *fill*         0x200018dc        0x4 
                0x200018e0                PROVIDE (end, .)
                [!provide]                PROVIDE (_end, .)
                0x20001ae0                . = (. + _Min_Heap_Size)
 *fill*         0x200018e0      0x200 
                0x20001ee0                . = (. + _Min_Stack_Size)
 *fill*         0x20001ae0      0x400 
                0x20001ee0                . = ALIGN (0x8)

.memory_b1_text
 *(.mb1text)
 *(.mb1text*)
 *(.mb1rodata)
 *(.mb1rodata*)

/DISCARD/
 libc.a(*)
 libm.a(*)
 libgcc.a(*)

.ARM.attributes
                0x00000000       0x29
 *(.ARM.attributes)
 .ARM.attributes
                0x00000000       0x1d c:/ac6/systemworkbench/plugins/fr.ac6.mcu.externaltools.arm-none.win32_1.15.0.201708311556/tools/compiler/bin/../lib/gcc/arm-none-eabi/6.3.1/thumb/v7-m/crti.o
 .ARM.attributes
                0x0000001d       0x2d c:/ac6/systemworkbench/plugins/fr.ac6.mcu.externaltools.arm-none.win32_1.15.0.201708311556/tools/compiler/bin/../lib/gcc/arm-none-eabi/6.3.1/thumb/v7-m/crtbegin.o
 .ARM.attributes
                0x0000004a       0x33 HAL_Driver/Src/stm32l1xx_hal.o
 .ARM.attributes
                0x0000007d       0x33 HAL_Driver/Src/stm32l1xx_hal_adc.o
 .ARM.attributes
                0x000000b0       0x33 HAL_Driver/Src/stm32l1xx_hal_cortex.o
 .ARM.attributes
                0x000000e3       0x33 HAL_Driver/Src/stm32l1xx_hal_gpio.o
 .ARM.attributes
                0x00000116       0x33 HAL_Driver/Src/stm32l1xx_hal_rcc.o
 .ARM.attributes
                0x00000149       0x33 HAL_Driver/Src/stm32l1xx_hal_tim.o
 .ARM.attributes
                0x0000017c       0x33 HAL_Driver/Src/stm32l1xx_hal_uart.o
 .ARM.attributes
                0x000001af       0x33 src/Application.o
 .ARM.attributes
                0x000001e2       0x33 src/main.o
 .ARM.attributes
                0x00000215       0x33 src/syscalls.o
 .ARM.attributes
                0x00000248       0x33 src/system_stm32l1xx.o
 .ARM.attributes
                0x0000027b       0x33 src/Container/Queue.o
 .ARM.attributes
                0x000002ae       0x33 src/Control/Control.o
 .ARM.attributes
                0x000002e1       0x33 src/Control/ManualMode.o
 .ARM.attributes
                0x00000314       0x33 src/Control/Packet.o
 .ARM.attributes
                0x00000347       0x33 src/Periph/Adc.o
 .ARM.attributes
                0x0000037a       0x33 src/Periph/Buzzer.o
 .ARM.attributes
                0x000003ad       0x33 src/Periph/DigitalOutputPin.o
 .ARM.attributes
                0x000003e0       0x33 src/Periph/Engine.o
 .ARM.attributes
                0x00000413       0x33 src/Periph/Led.o
 .ARM.attributes
                0x00000446       0x33 src/Periph/Pwm.o
 .ARM.attributes
                0x00000479       0x33 src/Periph/Servo.o
 .ARM.attributes
                0x000004ac       0x33 src/Periph/SysTickCounter.o
 .ARM.attributes
                0x000004df       0x33 src/Periph/Usart.o
 .ARM.attributes
                0x00000512       0x33 src/Util/Bms.o
 .ARM.attributes
                0x00000545       0x33 src/Util/Communication.o
 .ARM.attributes
                0x00000578       0x33 src/Util/Logger.o
 .ARM.attributes
                0x000005ab       0x33 src/Util/Timer.o
 .ARM.attributes
                0x000005de       0x33 src/Util/Trace.o
 .ARM.attributes
                0x00000611       0x21 startup/startup_stm32l152xe.o
 .ARM.attributes
                0x00000632       0x1d c:/ac6/systemworkbench/plugins/fr.ac6.mcu.externaltools.arm-none.win32_1.15.0.201708311556/tools/compiler/bin/../lib/gcc/arm-none-eabi/6.3.1/thumb/v7-m\libgcc.a(_arm_addsubdf3.o)
 .ARM.attributes
                0x0000064f       0x1d c:/ac6/systemworkbench/plugins/fr.ac6.mcu.externaltools.arm-none.win32_1.15.0.201708311556/tools/compiler/bin/../lib/gcc/arm-none-eabi/6.3.1/thumb/v7-m\libgcc.a(_arm_muldivdf3.o)
 .ARM.attributes
                0x0000066c       0x1d c:/ac6/systemworkbench/plugins/fr.ac6.mcu.externaltools.arm-none.win32_1.15.0.201708311556/tools/compiler/bin/../lib/gcc/arm-none-eabi/6.3.1/thumb/v7-m\libgcc.a(_arm_truncdfsf2.o)
 .ARM.attributes
                0x00000689       0x1d c:/ac6/systemworkbench/plugins/fr.ac6.mcu.externaltools.arm-none.win32_1.15.0.201708311556/tools/compiler/bin/../lib/gcc/arm-none-eabi/6.3.1/thumb/v7-m\libgcc.a(_arm_addsubsf3.o)
 .ARM.attributes
                0x000006a6       0x1d c:/ac6/systemworkbench/plugins/fr.ac6.mcu.externaltools.arm-none.win32_1.15.0.201708311556/tools/compiler/bin/../lib/gcc/arm-none-eabi/6.3.1/thumb/v7-m\libgcc.a(_arm_muldivsf3.o)
 .ARM.attributes
                0x000006c3       0x1d c:/ac6/systemworkbench/plugins/fr.ac6.mcu.externaltools.arm-none.win32_1.15.0.201708311556/tools/compiler/bin/../lib/gcc/arm-none-eabi/6.3.1/thumb/v7-m\libgcc.a(_arm_cmpsf2.o)
 .ARM.attributes
                0x000006e0       0x2d c:/ac6/systemworkbench/plugins/fr.ac6.mcu.externaltools.arm-none.win32_1.15.0.201708311556/tools/compiler/bin/../lib/gcc/arm-none-eabi/6.3.1/../../../../arm-none-eabi/lib/thumb/v7-m\libc.a(lib_a-errno.o)
 .ARM.attributes
                0x0000070d       0x2d c:/ac6/systemworkbench/plugins/fr.ac6.mcu.externaltools.arm-none.win32_1.15.0.201708311556/tools/compiler/bin/../lib/gcc/arm-none-eabi/6.3.1/../../../../arm-none-eabi/lib/thumb/v7-m\libc.a(lib_a-impure.o)
 .ARM.attributes
                0x0000073a       0x2d c:/ac6/systemworkbench/plugins/fr.ac6.mcu.externaltools.arm-none.win32_1.15.0.201708311556/tools/compiler/bin/../lib/gcc/arm-none-eabi/6.3.1/../../../../arm-none-eabi/lib/thumb/v7-m\libc.a(lib_a-init.o)
 .ARM.attributes
                0x00000767       0x2d c:/ac6/systemworkbench/plugins/fr.ac6.mcu.externaltools.arm-none.win32_1.15.0.201708311556/tools/compiler/bin/../lib/gcc/arm-none-eabi/6.3.1/../../../../arm-none-eabi/lib/thumb/v7-m\libc.a(lib_a-memset.o)
 .ARM.attributes
                0x00000794       0x2d c:/ac6/systemworkbench/plugins/fr.ac6.mcu.externaltools.arm-none.win32_1.15.0.201708311556/tools/compiler/bin/../lib/gcc/arm-none-eabi/6.3.1/../../../../arm-none-eabi/lib/thumb/v7-m\libc.a(lib_a-strlen-stub.o)
 .ARM.attributes
                0x000007c1       0x2d c:/ac6/systemworkbench/plugins/fr.ac6.mcu.externaltools.arm-none.win32_1.15.0.201708311556/tools/compiler/bin/../lib/gcc/arm-none-eabi/6.3.1/../../../../arm-none-eabi/lib/thumb/v7-m\libc.a(lib_a-vsnprintf.o)
 .ARM.attributes
                0x000007ee       0x2d c:/ac6/systemworkbench/plugins/fr.ac6.mcu.externaltools.arm-none.win32_1.15.0.201708311556/tools/compiler/bin/../lib/gcc/arm-none-eabi/6.3.1/../../../../arm-none-eabi/lib/thumb/v7-m\libc.a(lib_a-__call_atexit.o)
 .ARM.attributes
                0x0000081b       0x2d c:/ac6/systemworkbench/plugins/fr.ac6.mcu.externaltools.arm-none.win32_1.15.0.201708311556/tools/compiler/bin/../lib/gcc/arm-none-eabi/6.3.1/../../../../arm-none-eabi/lib/thumb/v7-m\libc.a(lib_a-atexit.o)
 .ARM.attributes
                0x00000848       0x2d c:/ac6/systemworkbench/plugins/fr.ac6.mcu.externaltools.arm-none.win32_1.15.0.201708311556/tools/compiler/bin/../lib/gcc/arm-none-eabi/6.3.1/../../../../arm-none-eabi/lib/thumb/v7-m\libc.a(lib_a-fini.o)
 .ARM.attributes
                0x00000875       0x2d c:/ac6/systemworkbench/plugins/fr.ac6.mcu.externaltools.arm-none.win32_1.15.0.201708311556/tools/compiler/bin/../lib/gcc/arm-none-eabi/6.3.1/../../../../arm-none-eabi/lib/thumb/v7-m\libc.a(lib_a-lock.o)
 .ARM.attributes
                0x000008a2       0x2d c:/ac6/systemworkbench/plugins/fr.ac6.mcu.externaltools.arm-none.win32_1.15.0.201708311556/tools/compiler/bin/../lib/gcc/arm-none-eabi/6.3.1/../../../../arm-none-eabi/lib/thumb/v7-m\libc.a(lib_a-svfprintf.o)
 .ARM.attributes
                0x000008cf       0x2d c:/ac6/systemworkbench/plugins/fr.ac6.mcu.externaltools.arm-none.win32_1.15.0.201708311556/tools/compiler/bin/../lib/gcc/arm-none-eabi/6.3.1/../../../../arm-none-eabi/lib/thumb/v7-m\libc.a(lib_a-__atexit.o)
 .ARM.attributes
                0x000008fc       0x2d c:/ac6/systemworkbench/plugins/fr.ac6.mcu.externaltools.arm-none.win32_1.15.0.201708311556/tools/compiler/bin/../lib/gcc/arm-none-eabi/6.3.1/../../../../arm-none-eabi/lib/thumb/v7-m\libc.a(lib_a-dtoa.o)
 .ARM.attributes
                0x00000929       0x2d c:/ac6/systemworkbench/plugins/fr.ac6.mcu.externaltools.arm-none.win32_1.15.0.201708311556/tools/compiler/bin/../lib/gcc/arm-none-eabi/6.3.1/../../../../arm-none-eabi/lib/thumb/v7-m\libc.a(lib_a-localeconv.o)
 .ARM.attributes
                0x00000956       0x2d c:/ac6/systemworkbench/plugins/fr.ac6.mcu.externaltools.arm-none.win32_1.15.0.201708311556/tools/compiler/bin/../lib/gcc/arm-none-eabi/6.3.1/../../../../arm-none-eabi/lib/thumb/v7-m\libc.a(lib_a-mallocr.o)
 .ARM.attributes
                0x00000983       0x2d c:/ac6/systemworkbench/plugins/fr.ac6.mcu.externaltools.arm-none.win32_1.15.0.201708311556/tools/compiler/bin/../lib/gcc/arm-none-eabi/6.3.1/../../../../arm-none-eabi/lib/thumb/v7-m\libc.a(lib_a-memchr-stub.o)
 .ARM.attributes
                0x000009b0       0x1b c:/ac6/systemworkbench/plugins/fr.ac6.mcu.externaltools.arm-none.win32_1.15.0.201708311556/tools/compiler/bin/../lib/gcc/arm-none-eabi/6.3.1/../../../../arm-none-eabi/lib/thumb/v7-m\libc.a(lib_a-memcpy.o)
 .ARM.attributes
                0x000009cb       0x2d c:/ac6/systemworkbench/plugins/fr.ac6.mcu.externaltools.arm-none.win32_1.15.0.201708311556/tools/compiler/bin/../lib/gcc/arm-none-eabi/6.3.1/../../../../arm-none-eabi/lib/thumb/v7-m\libc.a(lib_a-mlock.o)
 .ARM.attributes
                0x000009f8       0x2d c:/ac6/systemworkbench/plugins/fr.ac6.mcu.externaltools.arm-none.win32_1.15.0.201708311556/tools/compiler/bin/../lib/gcc/arm-none-eabi/6.3.1/../../../../arm-none-eabi/lib/thumb/v7-m\libc.a(lib_a-mprec.o)
 .ARM.attributes
                0x00000a25       0x2d c:/ac6/systemworkbench/plugins/fr.ac6.mcu.externaltools.arm-none.win32_1.15.0.201708311556/tools/compiler/bin/../lib/gcc/arm-none-eabi/6.3.1/../../../../arm-none-eabi/lib/thumb/v7-m\libc.a(lib_a-sbrkr.o)
 .ARM.attributes
                0x00000a52       0x2d c:/ac6/systemworkbench/plugins/fr.ac6.mcu.externaltools.arm-none.win32_1.15.0.201708311556/tools/compiler/bin/../lib/gcc/arm-none-eabi/6.3.1/../../../../arm-none-eabi/lib/thumb/v7-m\libc.a(lib_a-svfiprintf.o)
 .ARM.attributes
                0x00000a7f       0x2d c:/ac6/systemworkbench/plugins/fr.ac6.mcu.externaltools.arm-none.win32_1.15.0.201708311556/tools/compiler/bin/../lib/gcc/arm-none-eabi/6.3.1/../../../../arm-none-eabi/lib/thumb/v7-m\libc.a(lib_a-callocr.o)
 .ARM.attributes
                0x00000aac       0x2d c:/ac6/systemworkbench/plugins/fr.ac6.mcu.externaltools.arm-none.win32_1.15.0.201708311556/tools/compiler/bin/../lib/gcc/arm-none-eabi/6.3.1/../../../../arm-none-eabi/lib/thumb/v7-m\libc.a(lib_a-freer.o)
 .ARM.attributes
                0x00000ad9       0x2d c:/ac6/systemworkbench/plugins/fr.ac6.mcu.externaltools.arm-none.win32_1.15.0.201708311556/tools/compiler/bin/../lib/gcc/arm-none-eabi/6.3.1/../../../../arm-none-eabi/lib/thumb/v7-m\libc.a(lib_a-locale.o)
 .ARM.attributes
                0x00000b06       0x2d c:/ac6/systemworkbench/plugins/fr.ac6.mcu.externaltools.arm-none.win32_1.15.0.201708311556/tools/compiler/bin/../lib/gcc/arm-none-eabi/6.3.1/../../../../arm-none-eabi/lib/thumb/v7-m\libc.a(lib_a-mbtowc_r.o)
 .ARM.attributes
                0x00000b33       0x2d c:/ac6/systemworkbench/plugins/fr.ac6.mcu.externaltools.arm-none.win32_1.15.0.201708311556/tools/compiler/bin/../lib/gcc/arm-none-eabi/6.3.1/../../../../arm-none-eabi/lib/thumb/v7-m\libc.a(lib_a-memmove.o)
 .ARM.attributes
                0x00000b60       0x2d c:/ac6/systemworkbench/plugins/fr.ac6.mcu.externaltools.arm-none.win32_1.15.0.201708311556/tools/compiler/bin/../lib/gcc/arm-none-eabi/6.3.1/../../../../arm-none-eabi/lib/thumb/v7-m\libc.a(lib_a-reallocr.o)
 .ARM.attributes
                0x00000b8d       0x2d c:/ac6/systemworkbench/plugins/fr.ac6.mcu.externaltools.arm-none.win32_1.15.0.201708311556/tools/compiler/bin/../lib/gcc/arm-none-eabi/6.3.1/../../../../arm-none-eabi/lib/thumb/v7-m\libc.a(lib_a-reent.o)
 .ARM.attributes
                0x00000bba       0x2d c:/ac6/systemworkbench/plugins/fr.ac6.mcu.externaltools.arm-none.win32_1.15.0.201708311556/tools/compiler/bin/../lib/gcc/arm-none-eabi/6.3.1/../../../../arm-none-eabi/lib/thumb/v7-m\libc.a(lib_a-wctomb_r.o)
 .ARM.attributes
                0x00000be7       0x2d c:/ac6/systemworkbench/plugins/fr.ac6.mcu.externaltools.arm-none.win32_1.15.0.201708311556/tools/compiler/bin/../lib/gcc/arm-none-eabi/6.3.1/../../../../arm-none-eabi/lib/thumb/v7-m\libc.a(lib_a-ctype_.o)
 .ARM.attributes
                0x00000c14       0x1d c:/ac6/systemworkbench/plugins/fr.ac6.mcu.externaltools.arm-none.win32_1.15.0.201708311556/tools/compiler/bin/../lib/gcc/arm-none-eabi/6.3.1/thumb/v7-m\libgcc.a(_arm_cmpdf2.o)
 .ARM.attributes
                0x00000c31       0x1d c:/ac6/systemworkbench/plugins/fr.ac6.mcu.externaltools.arm-none.win32_1.15.0.201708311556/tools/compiler/bin/../lib/gcc/arm-none-eabi/6.3.1/thumb/v7-m\libgcc.a(_arm_unorddf2.o)
 .ARM.attributes
                0x00000c4e       0x1d c:/ac6/systemworkbench/plugins/fr.ac6.mcu.externaltools.arm-none.win32_1.15.0.201708311556/tools/compiler/bin/../lib/gcc/arm-none-eabi/6.3.1/thumb/v7-m\libgcc.a(_arm_fixdfsi.o)
 .ARM.attributes
                0x00000c6b       0x1d c:/ac6/systemworkbench/plugins/fr.ac6.mcu.externaltools.arm-none.win32_1.15.0.201708311556/tools/compiler/bin/../lib/gcc/arm-none-eabi/6.3.1/thumb/v7-m\libgcc.a(_aeabi_uldivmod.o)
 .ARM.attributes
                0x00000c88       0x2d c:/ac6/systemworkbench/plugins/fr.ac6.mcu.externaltools.arm-none.win32_1.15.0.201708311556/tools/compiler/bin/../lib/gcc/arm-none-eabi/6.3.1/thumb/v7-m\libgcc.a(_udivmoddi4.o)
 .ARM.attributes
                0x00000cb5       0x1d c:/ac6/systemworkbench/plugins/fr.ac6.mcu.externaltools.arm-none.win32_1.15.0.201708311556/tools/compiler/bin/../lib/gcc/arm-none-eabi/6.3.1/thumb/v7-m\libgcc.a(_dvmd_tls.o)
 .ARM.attributes
                0x00000cd2       0x1d c:/ac6/systemworkbench/plugins/fr.ac6.mcu.externaltools.arm-none.win32_1.15.0.201708311556/tools/compiler/bin/../lib/gcc/arm-none-eabi/6.3.1/thumb/v7-m/crtn.o
OUTPUT(STM32L1-152RE.elf elf32-littlearm)

.comment        0x00000000       0x7f
 .comment       0x00000000       0x7f HAL_Driver/Src/stm32l1xx_hal.o
                                 0x80 (size before relaxing)
 .comment       0x0000007f       0x80 HAL_Driver/Src/stm32l1xx_hal_adc.o
 .comment       0x0000007f       0x80 HAL_Driver/Src/stm32l1xx_hal_cortex.o
 .comment       0x0000007f       0x80 HAL_Driver/Src/stm32l1xx_hal_gpio.o
 .comment       0x0000007f       0x80 HAL_Driver/Src/stm32l1xx_hal_rcc.o
 .comment       0x0000007f       0x80 HAL_Driver/Src/stm32l1xx_hal_tim.o
 .comment       0x0000007f       0x80 HAL_Driver/Src/stm32l1xx_hal_uart.o
 .comment       0x0000007f       0x80 src/Application.o
 .comment       0x0000007f       0x80 src/main.o
 .comment       0x0000007f       0x80 src/syscalls.o
 .comment       0x0000007f       0x80 src/system_stm32l1xx.o
 .comment       0x0000007f       0x80 src/Container/Queue.o
 .comment       0x0000007f       0x80 src/Control/Control.o
 .comment       0x0000007f       0x80 src/Control/ManualMode.o
 .comment       0x0000007f       0x80 src/Control/Packet.o
 .comment       0x0000007f       0x80 src/Periph/Adc.o
 .comment       0x0000007f       0x80 src/Periph/Buzzer.o
 .comment       0x0000007f       0x80 src/Periph/DigitalOutputPin.o
 .comment       0x0000007f       0x80 src/Periph/Engine.o
 .comment       0x0000007f       0x80 src/Periph/Led.o
 .comment       0x0000007f       0x80 src/Periph/Pwm.o
 .comment       0x0000007f       0x80 src/Periph/Servo.o
 .comment       0x0000007f       0x80 src/Periph/SysTickCounter.o
 .comment       0x0000007f       0x80 src/Periph/Usart.o
 .comment       0x0000007f       0x80 src/Util/Bms.o
 .comment       0x0000007f       0x80 src/Util/Communication.o
 .comment       0x0000007f       0x80 src/Util/Logger.o
 .comment       0x0000007f       0x80 src/Util/Timer.o
 .comment       0x0000007f       0x80 src/Util/Trace.o

.debug_line     0x00000000       0x7d
 .debug_line    0x00000000       0x7d startup/startup_stm32l152xe.o

.debug_info     0x00000000       0x7f
 .debug_info    0x00000000       0x7f startup/startup_stm32l152xe.o

.debug_abbrev   0x00000000       0x12
 .debug_abbrev  0x00000000       0x12 startup/startup_stm32l152xe.o

.debug_aranges  0x00000000       0x28
 .debug_aranges
                0x00000000       0x28 startup/startup_stm32l152xe.o

.debug_ranges   0x00000000       0x20
 .debug_ranges  0x00000000       0x20 startup/startup_stm32l152xe.o

.debug_frame    0x00000000      0xda8
 .debug_frame   0x00000000       0xac c:/ac6/systemworkbench/plugins/fr.ac6.mcu.externaltools.arm-none.win32_1.15.0.201708311556/tools/compiler/bin/../lib/gcc/arm-none-eabi/6.3.1/thumb/v7-m\libgcc.a(_arm_addsubdf3.o)
 .debug_frame   0x000000ac       0x50 c:/ac6/systemworkbench/plugins/fr.ac6.mcu.externaltools.arm-none.win32_1.15.0.201708311556/tools/compiler/bin/../lib/gcc/arm-none-eabi/6.3.1/thumb/v7-m\libgcc.a(_arm_muldivdf3.o)
 .debug_frame   0x000000fc       0x24 c:/ac6/systemworkbench/plugins/fr.ac6.mcu.externaltools.arm-none.win32_1.15.0.201708311556/tools/compiler/bin/../lib/gcc/arm-none-eabi/6.3.1/thumb/v7-m\libgcc.a(_arm_truncdfsf2.o)
 .debug_frame   0x00000120       0x4c c:/ac6/systemworkbench/plugins/fr.ac6.mcu.externaltools.arm-none.win32_1.15.0.201708311556/tools/compiler/bin/../lib/gcc/arm-none-eabi/6.3.1/thumb/v7-m\libgcc.a(_arm_addsubsf3.o)
 .debug_frame   0x0000016c       0x38 c:/ac6/systemworkbench/plugins/fr.ac6.mcu.externaltools.arm-none.win32_1.15.0.201708311556/tools/compiler/bin/../lib/gcc/arm-none-eabi/6.3.1/thumb/v7-m\libgcc.a(_arm_muldivsf3.o)
 .debug_frame   0x000001a4       0xc8 c:/ac6/systemworkbench/plugins/fr.ac6.mcu.externaltools.arm-none.win32_1.15.0.201708311556/tools/compiler/bin/../lib/gcc/arm-none-eabi/6.3.1/thumb/v7-m\libgcc.a(_arm_cmpsf2.o)
 .debug_frame   0x0000026c       0x20 c:/ac6/systemworkbench/plugins/fr.ac6.mcu.externaltools.arm-none.win32_1.15.0.201708311556/tools/compiler/bin/../lib/gcc/arm-none-eabi/6.3.1/../../../../arm-none-eabi/lib/thumb/v7-m\libc.a(lib_a-errno.o)
 .debug_frame   0x0000028c       0x2c c:/ac6/systemworkbench/plugins/fr.ac6.mcu.externaltools.arm-none.win32_1.15.0.201708311556/tools/compiler/bin/../lib/gcc/arm-none-eabi/6.3.1/../../../../arm-none-eabi/lib/thumb/v7-m\libc.a(lib_a-init.o)
 .debug_frame   0x000002b8       0x34 c:/ac6/systemworkbench/plugins/fr.ac6.mcu.externaltools.arm-none.win32_1.15.0.201708311556/tools/compiler/bin/../lib/gcc/arm-none-eabi/6.3.1/../../../../arm-none-eabi/lib/thumb/v7-m\libc.a(lib_a-memset.o)
 .debug_frame   0x000002ec       0x20 c:/ac6/systemworkbench/plugins/fr.ac6.mcu.externaltools.arm-none.win32_1.15.0.201708311556/tools/compiler/bin/../lib/gcc/arm-none-eabi/6.3.1/../../../../arm-none-eabi/lib/thumb/v7-m\libc.a(lib_a-strlen-stub.o)
 .debug_frame   0x0000030c       0x60 c:/ac6/systemworkbench/plugins/fr.ac6.mcu.externaltools.arm-none.win32_1.15.0.201708311556/tools/compiler/bin/../lib/gcc/arm-none-eabi/6.3.1/../../../../arm-none-eabi/lib/thumb/v7-m\libc.a(lib_a-vsnprintf.o)
 .debug_frame   0x0000036c       0x5c c:/ac6/systemworkbench/plugins/fr.ac6.mcu.externaltools.arm-none.win32_1.15.0.201708311556/tools/compiler/bin/../lib/gcc/arm-none-eabi/6.3.1/../../../../arm-none-eabi/lib/thumb/v7-m\libc.a(lib_a-__call_atexit.o)
 .debug_frame   0x000003c8       0x20 c:/ac6/systemworkbench/plugins/fr.ac6.mcu.externaltools.arm-none.win32_1.15.0.201708311556/tools/compiler/bin/../lib/gcc/arm-none-eabi/6.3.1/../../../../arm-none-eabi/lib/thumb/v7-m\libc.a(lib_a-atexit.o)
 .debug_frame   0x000003e8       0x34 c:/ac6/systemworkbench/plugins/fr.ac6.mcu.externaltools.arm-none.win32_1.15.0.201708311556/tools/compiler/bin/../lib/gcc/arm-none-eabi/6.3.1/../../../../arm-none-eabi/lib/thumb/v7-m\libc.a(lib_a-fini.o)
 .debug_frame   0x0000041c       0xb0 c:/ac6/systemworkbench/plugins/fr.ac6.mcu.externaltools.arm-none.win32_1.15.0.201708311556/tools/compiler/bin/../lib/gcc/arm-none-eabi/6.3.1/../../../../arm-none-eabi/lib/thumb/v7-m\libc.a(lib_a-lock.o)
 .debug_frame   0x000004cc       0x40 c:/ac6/systemworkbench/plugins/fr.ac6.mcu.externaltools.arm-none.win32_1.15.0.201708311556/tools/compiler/bin/../lib/gcc/arm-none-eabi/6.3.1/../../../../arm-none-eabi/lib/thumb/v7-m\libc.a(lib_a-svfprintf.o)
 .debug_frame   0x0000050c       0x34 c:/ac6/systemworkbench/plugins/fr.ac6.mcu.externaltools.arm-none.win32_1.15.0.201708311556/tools/compiler/bin/../lib/gcc/arm-none-eabi/6.3.1/../../../../arm-none-eabi/lib/thumb/v7-m\libc.a(lib_a-__atexit.o)
 .debug_frame   0x00000540       0x84 c:/ac6/systemworkbench/plugins/fr.ac6.mcu.externaltools.arm-none.win32_1.15.0.201708311556/tools/compiler/bin/../lib/gcc/arm-none-eabi/6.3.1/../../../../arm-none-eabi/lib/thumb/v7-m\libc.a(lib_a-dtoa.o)
 .debug_frame   0x000005c4       0x40 c:/ac6/systemworkbench/plugins/fr.ac6.mcu.externaltools.arm-none.win32_1.15.0.201708311556/tools/compiler/bin/../lib/gcc/arm-none-eabi/6.3.1/../../../../arm-none-eabi/lib/thumb/v7-m\libc.a(lib_a-localeconv.o)
 .debug_frame   0x00000604       0x54 c:/ac6/systemworkbench/plugins/fr.ac6.mcu.externaltools.arm-none.win32_1.15.0.201708311556/tools/compiler/bin/../lib/gcc/arm-none-eabi/6.3.1/../../../../arm-none-eabi/lib/thumb/v7-m\libc.a(lib_a-mallocr.o)
 .debug_frame   0x00000658       0x34 c:/ac6/systemworkbench/plugins/fr.ac6.mcu.externaltools.arm-none.win32_1.15.0.201708311556/tools/compiler/bin/../lib/gcc/arm-none-eabi/6.3.1/../../../../arm-none-eabi/lib/thumb/v7-m\libc.a(lib_a-memchr-stub.o)
 .debug_frame   0x0000068c       0x30 c:/ac6/systemworkbench/plugins/fr.ac6.mcu.externaltools.arm-none.win32_1.15.0.201708311556/tools/compiler/bin/../lib/gcc/arm-none-eabi/6.3.1/../../../../arm-none-eabi/lib/thumb/v7-m\libc.a(lib_a-mlock.o)
 .debug_frame   0x000006bc      0x260 c:/ac6/systemworkbench/plugins/fr.ac6.mcu.externaltools.arm-none.win32_1.15.0.201708311556/tools/compiler/bin/../lib/gcc/arm-none-eabi/6.3.1/../../../../arm-none-eabi/lib/thumb/v7-m\libc.a(lib_a-mprec.o)
 .debug_frame   0x0000091c       0x2c c:/ac6/systemworkbench/plugins/fr.ac6.mcu.externaltools.arm-none.win32_1.15.0.201708311556/tools/compiler/bin/../lib/gcc/arm-none-eabi/6.3.1/../../../../arm-none-eabi/lib/thumb/v7-m\libc.a(lib_a-sbrkr.o)
 .debug_frame   0x00000948       0x78 c:/ac6/systemworkbench/plugins/fr.ac6.mcu.externaltools.arm-none.win32_1.15.0.201708311556/tools/compiler/bin/../lib/gcc/arm-none-eabi/6.3.1/../../../../arm-none-eabi/lib/thumb/v7-m\libc.a(lib_a-svfiprintf.o)
 .debug_frame   0x000009c0       0x28 c:/ac6/systemworkbench/plugins/fr.ac6.mcu.externaltools.arm-none.win32_1.15.0.201708311556/tools/compiler/bin/../lib/gcc/arm-none-eabi/6.3.1/../../../../arm-none-eabi/lib/thumb/v7-m\libc.a(lib_a-callocr.o)
 .debug_frame   0x000009e8       0x74 c:/ac6/systemworkbench/plugins/fr.ac6.mcu.externaltools.arm-none.win32_1.15.0.201708311556/tools/compiler/bin/../lib/gcc/arm-none-eabi/6.3.1/../../../../arm-none-eabi/lib/thumb/v7-m\libc.a(lib_a-freer.o)
 .debug_frame   0x00000a5c       0x6c c:/ac6/systemworkbench/plugins/fr.ac6.mcu.externaltools.arm-none.win32_1.15.0.201708311556/tools/compiler/bin/../lib/gcc/arm-none-eabi/6.3.1/../../../../arm-none-eabi/lib/thumb/v7-m\libc.a(lib_a-locale.o)
 .debug_frame   0x00000ac8       0x4c c:/ac6/systemworkbench/plugins/fr.ac6.mcu.externaltools.arm-none.win32_1.15.0.201708311556/tools/compiler/bin/../lib/gcc/arm-none-eabi/6.3.1/../../../../arm-none-eabi/lib/thumb/v7-m\libc.a(lib_a-mbtowc_r.o)
 .debug_frame   0x00000b14       0x30 c:/ac6/systemworkbench/plugins/fr.ac6.mcu.externaltools.arm-none.win32_1.15.0.201708311556/tools/compiler/bin/../lib/gcc/arm-none-eabi/6.3.1/../../../../arm-none-eabi/lib/thumb/v7-m\libc.a(lib_a-memmove.o)
 .debug_frame   0x00000b44       0x68 c:/ac6/systemworkbench/plugins/fr.ac6.mcu.externaltools.arm-none.win32_1.15.0.201708311556/tools/compiler/bin/../lib/gcc/arm-none-eabi/6.3.1/../../../../arm-none-eabi/lib/thumb/v7-m\libc.a(lib_a-reallocr.o)
 .debug_frame   0x00000bac       0x58 c:/ac6/systemworkbench/plugins/fr.ac6.mcu.externaltools.arm-none.win32_1.15.0.201708311556/tools/compiler/bin/../lib/gcc/arm-none-eabi/6.3.1/../../../../arm-none-eabi/lib/thumb/v7-m\libc.a(lib_a-reent.o)
 .debug_frame   0x00000c04       0x3c c:/ac6/systemworkbench/plugins/fr.ac6.mcu.externaltools.arm-none.win32_1.15.0.201708311556/tools/compiler/bin/../lib/gcc/arm-none-eabi/6.3.1/../../../../arm-none-eabi/lib/thumb/v7-m\libc.a(lib_a-wctomb_r.o)
 .debug_frame   0x00000c40       0xc4 c:/ac6/systemworkbench/plugins/fr.ac6.mcu.externaltools.arm-none.win32_1.15.0.201708311556/tools/compiler/bin/../lib/gcc/arm-none-eabi/6.3.1/thumb/v7-m\libgcc.a(_arm_cmpdf2.o)
 .debug_frame   0x00000d04       0x20 c:/ac6/systemworkbench/plugins/fr.ac6.mcu.externaltools.arm-none.win32_1.15.0.201708311556/tools/compiler/bin/../lib/gcc/arm-none-eabi/6.3.1/thumb/v7-m\libgcc.a(_arm_unorddf2.o)
 .debug_frame   0x00000d24       0x24 c:/ac6/systemworkbench/plugins/fr.ac6.mcu.externaltools.arm-none.win32_1.15.0.201708311556/tools/compiler/bin/../lib/gcc/arm-none-eabi/6.3.1/thumb/v7-m\libgcc.a(_arm_fixdfsi.o)
 .debug_frame   0x00000d48       0x2c c:/ac6/systemworkbench/plugins/fr.ac6.mcu.externaltools.arm-none.win32_1.15.0.201708311556/tools/compiler/bin/../lib/gcc/arm-none-eabi/6.3.1/thumb/v7-m\libgcc.a(_aeabi_uldivmod.o)
 .debug_frame   0x00000d74       0x34 c:/ac6/systemworkbench/plugins/fr.ac6.mcu.externaltools.arm-none.win32_1.15.0.201708311556/tools/compiler/bin/../lib/gcc/arm-none-eabi/6.3.1/thumb/v7-m\libgcc.a(_udivmoddi4.o)